13:13:57 **** Build of configuration Release for project fsbl ****
make all 
Building file: ../src/ddr_init.c
Invoking: ARM gcc compiler
arm-xilinx-eabi-gcc -Wall -O2 -c -fmessage-length=0 -I../../fsbl_bsp/ps7_cortexa9_0/include -MMD -MP -MF"src/ddr_init.d" -MT"src/ddr_init.d" -o "src/ddr_init.o" "../src/ddr_init.c"
Finished building: ../src/ddr_init.c
 
Building file: ../src/ff.c
Invoking: ARM gcc compiler
arm-xilinx-eabi-gcc -Wall -O2 -c -fmessage-length=0 -I../../fsbl_bsp/ps7_cortexa9_0/include -MMD -MP -MF"src/ff.d" -MT"src/ff.d" -o "src/ff.o" "../src/ff.c"
Finished building: ../src/ff.c
 
Building file: ../src/fsbl_handoff.S
Invoking: ARM gcc compiler
arm-xilinx-eabi-gcc -Wall -O2 -c -fmessage-length=0 -I../../fsbl_bsp/ps7_cortexa9_0/include -MMD -MP -MF"src/fsbl_handoff.d" -MT"src/fsbl_handoff.d" -o "src/fsbl_handoff.o" "../src/fsbl_handoff.S"
Finished building: ../src/fsbl_handoff.S
 
Building file: ../src/fsbl_hooks.c
Invoking: ARM gcc compiler
arm-xilinx-eabi-gcc -Wall -O2 -c -fmessage-length=0 -I../../fsbl_bsp/ps7_cortexa9_0/include -MMD -MP -MF"src/fsbl_hooks.d" -MT"src/fsbl_hooks.d" -o "src/fsbl_hooks.o" "../src/fsbl_hooks.c"
Finished building: ../src/fsbl_hooks.c
 
Building file: ../src/image_mover.c
Invoking: ARM gcc compiler
arm-xilinx-eabi-gcc -Wall -O2 -c -fmessage-length=0 -I../../fsbl_bsp/ps7_cortexa9_0/include -MMD -MP -MF"src/image_mover.d" -MT"src/image_mover.d" -o "src/image_mover.o" "../src/image_mover.c"
Finished building: ../src/image_mover.c
 
Building file: ../src/main.c
Invoking: ARM gcc compiler
arm-xilinx-eabi-gcc -Wall -O2 -c -fmessage-length=0 -I../../fsbl_bsp/ps7_cortexa9_0/include -MMD -MP -MF"src/main.d" -MT"src/main.d" -o "src/main.o" "../src/main.c"
Finished building: ../src/main.c
 
Building file: ../src/md5.c
Invoking: ARM gcc compiler
arm-xilinx-eabi-gcc -Wall -O2 -c -fmessage-length=0 -I../../fsbl_bsp/ps7_cortexa9_0/include -MMD -MP -MF"src/md5.d" -MT"src/md5.d" -o "src/md5.o" "../src/md5.c"
../src/md5.c: In function 'MD5Final':
../src/md5.c:445:2: warning: dereferencing type-punned pointer will break strict-aliasing rules [-Wstrict-aliasing]
../src/md5.c:446:2: warning: dereferencing type-punned pointer will break strict-aliasing rules [-Wstrict-aliasing]
Finished building: ../src/md5.c
 
Building file: ../src/mmc.c
Invoking: ARM gcc compiler
arm-xilinx-eabi-gcc -Wall -O2 -c -fmessage-length=0 -I../../fsbl_bsp/ps7_cortexa9_0/include -MMD -MP -MF"src/mmc.d" -MT"src/mmc.d" -o "src/mmc.o" "../src/mmc.c"
Finished building: ../src/mmc.c
 
Building file: ../src/nand.c
Invoking: ARM gcc compiler
arm-xilinx-eabi-gcc -Wall -O2 -c -fmessage-length=0 -I../../fsbl_bsp/ps7_cortexa9_0/include -MMD -MP -MF"src/nand.d" -MT"src/nand.d" -o "src/nand.o" "../src/nand.c"
Finished building: ../src/nand.c
 
Building file: ../src/nor.c
Invoking: ARM gcc compiler
arm-xilinx-eabi-gcc -Wall -O2 -c -fmessage-length=0 -I../../fsbl_bsp/ps7_cortexa9_0/include -MMD -MP -MF"src/nor.d" -MT"src/nor.d" -o "src/nor.o" "../src/nor.c"
Finished building: ../src/nor.c
 
Building file: ../src/pcap.c
Invoking: ARM gcc compiler
arm-xilinx-eabi-gcc -Wall -O2 -c -fmessage-length=0 -I../../fsbl_bsp/ps7_cortexa9_0/include -MMD -MP -MF"src/pcap.d" -MT"src/pcap.d" -o "src/pcap.o" "../src/pcap.c"
Finished building: ../src/pcap.c
 
Building file: ../src/ps7_init.c
Invoking: ARM gcc compiler
arm-xilinx-eabi-gcc -Wall -O2 -c -fmessage-length=0 -I../../fsbl_bsp/ps7_cortexa9_0/include -MMD -MP -MF"src/ps7_init.d" -MT"src/ps7_init.d" -o "src/ps7_init.o" "../src/ps7_init.c"
Finished building: ../src/ps7_init.c
 
Building file: ../src/qspi.c
Invoking: ARM gcc compiler
arm-xilinx-eabi-gcc -Wall -O2 -c -fmessage-length=0 -I../../fsbl_bsp/ps7_cortexa9_0/include -MMD -MP -MF"src/qspi.d" -MT"src/qspi.d" -o "src/qspi.o" "../src/qspi.c"
Finished building: ../src/qspi.c
 
Building file: ../src/rsa.c
Invoking: ARM gcc compiler
arm-xilinx-eabi-gcc -Wall -O2 -c -fmessage-length=0 -I../../fsbl_bsp/ps7_cortexa9_0/include -MMD -MP -MF"src/rsa.d" -MT"src/rsa.d" -o "src/rsa.o" "../src/rsa.c"
Finished building: ../src/rsa.c
 
Building file: ../src/sd.c
Invoking: ARM gcc compiler
arm-xilinx-eabi-gcc -Wall -O2 -c -fmessage-length=0 -I../../fsbl_bsp/ps7_cortexa9_0/include -MMD -MP -MF"src/sd.d" -MT"src/sd.d" -o "src/sd.o" "../src/sd.c"
Finished building: ../src/sd.c
 
Building target: fsbl.elf
Invoking: ARM gcc linker
arm-xilinx-eabi-gcc -L"/root/260214/fsbl/src" -Wl,-T -Wl,../src/lscript.ld -L../../fsbl_bsp/ps7_cortexa9_0/lib -o "fsbl.elf"  ./src/ddr_init.o ./src/ff.o ./src/fsbl_handoff.o ./src/fsbl_hooks.o ./src/image_mover.o ./src/main.o ./src/md5.o ./src/mmc.o ./src/nand.o ./src/nor.o ./src/pcap.o ./src/ps7_init.o ./src/qspi.o ./src/rsa.o ./src/sd.o   -lrsa -Wl,--start-group,-lxil,-lgcc,-lc,--end-group
Finished building target: fsbl.elf
 
Invoking: ARM Print Size
arm-xilinx-eabi-size fsbl.elf  |tee "fsbl.elf.size"
   text	   data	    bss	    dec	    hex	filename
  57064	  11352	  72500	 140916	  22674	fsbl.elf
Finished building: fsbl.elf.size
 
13:14:01 **** Incremental Build of configuration Release for project fsbl ****
make all 
make: Nothing to be done for `all'.
13:14:19 **** Build of project device-tree_bsp_0 ****
make -k all 
libgen -hw ../hw_platform_0/system.xml\
	       -lp /root/PROJECT/XILINX/clock_test\
	       -pe ps7_cortexa9_0 \
	       -log libgen.log \
	       system.mss
libgen
Xilinx EDK 14.7 Build EDK_P.20131013
Copyright (c) 1995-2012 Xilinx, Inc.  All rights reserved.

Command Line: libgen -hw ../hw_platform_0/system.xml -lp
/root/PROJECT/XILINX/clock_test -pe ps7_cortexa9_0 -log libgen.log system.mss 


Staging source files.
Running DRCs.
#--------------------------------------
# device-tree BSP DRC...
#--------------------------------------
Running generate.
#--------------------------------------
# device-tree BSP generate...
#--------------------------------------
--- device tree generator version: v1.1 ---
generating xilinx.dts
Clock Port Summary:
acp_0.m00_axi_aclk connected to processing_system7_0_FCLK_CLK0:
    CLK_FREQ_HZ = 100000000
axi_bram_ctrl_0.s_axi_aclk connected to processing_system7_0_FCLK_CLK0:
    CLK_FREQ_HZ = 100000000
axi_cdma_0.m_axi_aclk connected to processing_system7_0_FCLK_CLK0:
    CLK_FREQ_HZ = 100000000
axi_cdma_0.s_axi_lite_aclk connected to processing_system7_0_FCLK_CLK0:
    CLK_FREQ_HZ = 100000000
axi_crossbar_0.aclk connected to processing_system7_0_FCLK_CLK0:
    CLK_FREQ_HZ = 100000000
axi_mem_intercon_m00_couplers_auto_pc.aclk connected to
processing_system7_0_FCLK_CLK0:
    CLK_FREQ_HZ = 100000000
axi_mem_intercon_m01_couplers_auto_ds.s_axi_aclk connected to
processing_system7_0_FCLK_CLK0:
    CLK_FREQ_HZ = 100000000
axi_mem_intercon_m01_couplers_auto_pc.aclk connected to
processing_system7_0_FCLK_CLK0:
    CLK_FREQ_HZ = 100000000
axi_mem_intercon_s00_couplers_auto_us.s_axi_aclk connected to
processing_system7_0_FCLK_CLK0:
    CLK_FREQ_HZ = 100000000
axi_mem_intercon_s01_couplers_auto_pc.aclk connected to
processing_system7_0_FCLK_CLK0:
    CLK_FREQ_HZ = 100000000
axi_mem_intercon_s01_couplers_auto_us.s_axi_aclk connected to
processing_system7_0_FCLK_CLK0:
    CLK_FREQ_HZ = 100000000
axi_mem_intercon_xbar.aclk connected to processing_system7_0_FCLK_CLK0:
    CLK_FREQ_HZ = 100000000
init_cdma_0.m00_axi_aclk connected to processing_system7_0_FCLK_CLK0:
    CLK_FREQ_HZ = 100000000
proc_sys_reset.slowest_sync_clk connected to processing_system7_0_FCLK_CLK0:
    CLK_FREQ_HZ = 100000000
processing_system7_0_axi_periph_s00_couplers_auto_pc.aclk connected to
processing_system7_0_FCLK_CLK0:
    CLK_FREQ_HZ = 100000000
processing_system7_0_axi_periph_xbar.aclk connected to
processing_system7_0_FCLK_CLK0:
    CLK_FREQ_HZ = 100000000
ps7_uart_1.S_AXI_ACLK connected to ps7_axi_interconnect_0_M_AXI_ACLK:
    CLK_FREQ_HZ = WARNING: no frequency found!
ps7_qspi_0.S_AXI_ACLK connected to ps7_axi_interconnect_0_M_AXI_ACLK:
    CLK_FREQ_HZ = WARNING: no frequency found!
ps7_qspi_linear_0.S_AXI_ACLK connected to ps7_axi_interconnect_0_M_AXI_ACLK:
    CLK_FREQ_HZ = WARNING: no frequency found!
ps7_axi_interconnect_0.M_AXI_ACLK connected to
ps7_axi_interconnect_0_M_AXI_ACLK:
    CLK_FREQ_HZ = WARNING: no frequency found!
ps7_cortexa9_0.M_AXI_DP_ACLK connected to
ps7_axi_interconnect_0_S_AXI_CTRL_ACLK:
    CLK_FREQ_HZ = WARNING: no frequency found!
ps7_cortexa9_1.M_AXI_DP_ACLK connected to
ps7_axi_interconnect_0_S_AXI_CTRL_ACLK:
    CLK_FREQ_HZ = WARNING: no frequency found!
ps7_ddr_0.S_AXI_ACLK connected to ps7_axi_interconnect_0_M_AXI_ACLK:
    CLK_FREQ_HZ = WARNING: no frequency found!
ps7_ethernet_0.S_AXI_ACLK connected to ps7_axi_interconnect_0_M_AXI_ACLK:
    CLK_FREQ_HZ = WARNING: no frequency found!
ps7_usb_0.S_AXI_ACLK connected to ps7_axi_interconnect_0_M_AXI_ACLK:
    CLK_FREQ_HZ = WARNING: no frequency found!
ps7_sd_0.S_AXI_ACLK connected to ps7_axi_interconnect_0_M_AXI_ACLK:
    CLK_FREQ_HZ = WARNING: no frequency found!
ps7_ttc_0.S_AXI_ACLK connected to ps7_axi_interconnect_0_M_AXI_ACLK:
    CLK_FREQ_HZ = WARNING: no frequency found!
ps7_gpio_0.S_AXI_ACLK connected to ps7_axi_interconnect_0_M_AXI_ACLK:
    CLK_FREQ_HZ = WARNING: no frequency found!
ps7_ddrc_0.S_AXI_ACLK connected to ps7_axi_interconnect_0_M_AXI_ACLK:
    CLK_FREQ_HZ = WARNING: no frequency found!
ps7_dev_cfg_0.S_AXI_ACLK connected to ps7_axi_interconnect_0_M_AXI_ACLK:
    CLK_FREQ_HZ = WARNING: no frequency found!
ps7_xadc_0.S_AXI_ACLK connected to ps7_axi_interconnect_0_M_AXI_ACLK:
    CLK_FREQ_HZ = WARNING: no frequency found!
ps7_ocmc_0.S_AXI_ACLK connected to ps7_axi_interconnect_0_M_AXI_ACLK:
    CLK_FREQ_HZ = WARNING: no frequency found!
ps7_coresight_comp_0.S_AXI_ACLK connected to ps7_axi_interconnect_0_M_AXI_ACLK:
    CLK_FREQ_HZ = WARNING: no frequency found!
ps7_gpv_0.S_AXI_ACLK connected to ps7_axi_interconnect_0_M_AXI_ACLK:
    CLK_FREQ_HZ = WARNING: no frequency found!
ps7_scuc_0.S_AXI_ACLK connected to ps7_axi_interconnect_0_M_AXI_ACLK:
    CLK_FREQ_HZ = WARNING: no frequency found!
ps7_globaltimer_0.S_AXI_ACLK connected to ps7_axi_interconnect_0_M_AXI_ACLK:
    CLK_FREQ_HZ = WARNING: no frequency found!
ps7_intc_dist_0.S_AXI_ACLK connected to ps7_axi_interconnect_0_M_AXI_ACLK:
    CLK_FREQ_HZ = WARNING: no frequency found!
ps7_l2cachec_0.S_AXI_ACLK connected to ps7_axi_interconnect_0_M_AXI_ACLK:
    CLK_FREQ_HZ = WARNING: no frequency found!
ps7_dma_s.S_AXI_ACLK connected to ps7_axi_interconnect_0_M_AXI_ACLK:
    CLK_FREQ_HZ = WARNING: no frequency found!
ps7_iop_bus_config_0.S_AXI_ACLK connected to ps7_axi_interconnect_0_M_AXI_ACLK:
    CLK_FREQ_HZ = WARNING: no frequency found!
ps7_ram_0.S_AXI_ACLK connected to ps7_axi_interconnect_0_M_AXI_ACLK:
    CLK_FREQ_HZ = WARNING: no frequency found!
ps7_ram_1.S_AXI_ACLK connected to ps7_axi_interconnect_0_M_AXI_ACLK:
    CLK_FREQ_HZ = WARNING: no frequency found!
ps7_scugic_0.S_AXI_ACLK connected to ps7_axi_interconnect_0_M_AXI_ACLK:
    CLK_FREQ_HZ = WARNING: no frequency found!
ps7_scutimer_0.S_AXI_ACLK connected to ps7_axi_interconnect_0_M_AXI_ACLK:
    CLK_FREQ_HZ = WARNING: no frequency found!
ps7_scuwdt_0.S_AXI_ACLK connected to ps7_axi_interconnect_0_M_AXI_ACLK:
    CLK_FREQ_HZ = WARNING: no frequency found!
ps7_slcr_0.S_AXI_ACLK connected to ps7_axi_interconnect_0_M_AXI_ACLK:
    CLK_FREQ_HZ = WARNING: no frequency found!
ps7_dma_ns.S_AXI_ACLK connected to ps7_axi_interconnect_0_M_AXI_ACLK:
    CLK_FREQ_HZ = WARNING: no frequency found!
ps7_afi_0.S_AXI_ACLK connected to ps7_axi_interconnect_0_M_AXI_ACLK:
    CLK_FREQ_HZ = WARNING: no frequency found!
ps7_afi_1.S_AXI_ACLK connected to ps7_axi_interconnect_0_M_AXI_ACLK:
    CLK_FREQ_HZ = WARNING: no frequency found!
ps7_afi_2.S_AXI_ACLK connected to ps7_axi_interconnect_0_M_AXI_ACLK:
    CLK_FREQ_HZ = WARNING: no frequency found!
ps7_afi_3.S_AXI_ACLK connected to ps7_axi_interconnect_0_M_AXI_ACLK:
    CLK_FREQ_HZ = WARNING: no frequency found!
IP connected to bus: ps7_axi_interconnect_0
-master M_AXI_DP ps7_axi_interconnect_0 ps7_cortexa9_0
-master M_AXI_DP ps7_axi_interconnect_0 ps7_cortexa9_1
-slave S_AXI ps7_axi_interconnect_0 ps7_uart_1
-slave S_AXI ps7_axi_interconnect_0 ps7_qspi_0
-slave S_AXI ps7_axi_interconnect_0 ps7_qspi_linear_0
-slave S_AXI ps7_axi_interconnect_0 ps7_ethernet_0
-slave S_AXI ps7_axi_interconnect_0 ps7_usb_0
-slave S_AXI ps7_axi_interconnect_0 ps7_sd_0
-slave S_AXI ps7_axi_interconnect_0 ps7_ttc_0
-slave S_AXI ps7_axi_interconnect_0 ps7_gpio_0
-slave S_AXI ps7_axi_interconnect_0 ps7_ddrc_0
-slave S_AXI ps7_axi_interconnect_0 ps7_dev_cfg_0
-slave S_AXI ps7_axi_interconnect_0 ps7_xadc_0
-slave S_AXI ps7_axi_interconnect_0 ps7_ocmc_0
-slave S_AXI ps7_axi_interconnect_0 ps7_coresight_comp_0
-slave S_AXI ps7_axi_interconnect_0 ps7_gpv_0
-slave S_AXI ps7_axi_interconnect_0 ps7_scuc_0
-slave S_AXI ps7_axi_interconnect_0 ps7_globaltimer_0
-slave S_AXI ps7_axi_interconnect_0 ps7_intc_dist_0
-slave S_AXI ps7_axi_interconnect_0 ps7_l2cachec_0
-slave S_AXI ps7_axi_interconnect_0 ps7_dma_s
-slave S_AXI ps7_axi_interconnect_0 ps7_iop_bus_config_0
-slave S_AXI ps7_axi_interconnect_0 ps7_ram_1
-slave S_AXI ps7_axi_interconnect_0 ps7_scugic_0
-slave S_AXI ps7_axi_interconnect_0 ps7_scutimer_0
-slave S_AXI ps7_axi_interconnect_0 ps7_scuwdt_0
-slave S_AXI ps7_axi_interconnect_0 ps7_slcr_0
-slave S_AXI ps7_axi_interconnect_0 ps7_dma_ns
-slave S_AXI ps7_axi_interconnect_0 ps7_afi_0
-slave S_AXI ps7_axi_interconnect_0 ps7_afi_1
-slave S_AXI ps7_axi_interconnect_0 ps7_afi_2
-slave S_AXI ps7_axi_interconnect_0 ps7_afi_3
-slave axi_bram_ctrl_0
-slave axi_cdma_0
-slave ps7_afi_0
IP 64946464 ps7_afi_0 is already appended - skip it
-slave ps7_afi_1
IP 64946864 ps7_afi_1 is already appended - skip it
-slave ps7_afi_2
IP 64947264 ps7_afi_2 is already appended - skip it
-slave ps7_afi_3
IP 64947664 ps7_afi_3 is already appended - skip it
-slave ps7_coresight_comp_0
IP 64940464 ps7_coresight_comp_0 is already appended - skip it
-slave ps7_ddr_0
-slave ps7_ddrc_0
IP 64938864 ps7_ddrc_0 is already appended - skip it
-slave ps7_dev_cfg_0
IP 64939264 ps7_dev_cfg_0 is already appended - skip it
-slave ps7_dma_ns
-slave ps7_dma_s
IP 64942864 ps7_dma_s is already appended - skip it
-slave ps7_ethernet_0
IP 65279056 ps7_ethernet_0 is already appended - skip it
-slave ps7_globaltimer_0
IP 64941664 ps7_globaltimer_0 is already appended - skip it
-slave ps7_gpio_0
IP 64936624 ps7_gpio_0 is already appended - skip it
-slave ps7_gpv_0
IP 64940864 ps7_gpv_0 is already appended - skip it
-slave ps7_intc_dist_0
IP 64942064 ps7_intc_dist_0 is already appended - skip it
-slave ps7_iop_bus_config_0
IP 64943264 ps7_iop_bus_config_0 is already appended - skip it
-slave ps7_l2cachec_0
IP 64942464 ps7_l2cachec_0 is already appended - skip it
-slave ps7_ocmc_0
IP 64940064 ps7_ocmc_0 is already appended - skip it
-slave ps7_qspi_0
IP 65277056 ps7_qspi_0 is already appended - skip it
-slave ps7_qspi_linear_0
IP 65277456 ps7_qspi_linear_0 is already appended - skip it
-slave ps7_ram_0
-slave ps7_ram_1
IP 64944064 ps7_ram_1 is already appended - skip it
-slave ps7_scuc_0
IP 64941264 ps7_scuc_0 is already appended - skip it
-slave ps7_scugic_0
IP 64944464 ps7_scugic_0 is already appended - skip it
-slave ps7_scutimer_0
IP 64944864 ps7_scutimer_0 is already appended - skip it
-slave ps7_scuwdt_0
IP 64945264 ps7_scuwdt_0 is already appended - skip it
-slave ps7_sd_0
IP 65279856 ps7_sd_0 is already appended - skip it
-slave ps7_slcr_0
IP 64945664 ps7_slcr_0 is already appended - skip it
-slave ps7_ttc_0
IP 65280256 ps7_ttc_0 is already appended - skip it
-slave ps7_uart_1
IP 65276656 ps7_uart_1 is already appended - skip it
-slave ps7_usb_0
IP 65279456 ps7_usb_0 is already appended - skip it
-slave ps7_xadc_0
IP 64939664 ps7_xadc_0 is already appended - skip it
ps7_ocmc_0
ps7_coresight_comp_0
ps7_gpv_0
ps7_scuc_0
ps7_globaltimer_0
ps7_intc_dist_0
ps7_l2cachec_0
ps7_afi_0
ps7_afi_1
ps7_afi_2
ps7_afi_3
{serial0 aliasref ps7_uart_1 0} {spi0 aliasref ps7_qspi_0 0} {ethernet0 aliasref
ps7_ethernet_0 0}
Running post_generate.
Running execs_generate.
Finished building libraries
14:07:49 **** Auto Build of project fsbl_bsp ****
make -k all 
Finished building libraries
14:07:50 **** Auto Build of project device-tree_bsp_0 ****
make -k all 
libgen -hw ../hw_platform_0/system.xml\
	       -lp /root/PROJECT/XILINX/clock_test\
	       -pe ps7_cortexa9_0 \
	       -log libgen.log \
	       system.mss
libgen
Xilinx EDK 14.7 Build EDK_P.20131013
Copyright (c) 1995-2012 Xilinx, Inc.  All rights reserved.

Command Line: libgen -hw ../hw_platform_0/system.xml -lp
/root/PROJECT/XILINX/clock_test -pe ps7_cortexa9_0 -log libgen.log system.mss 


Staging source files.
Running DRCs.
#--------------------------------------
# device-tree BSP DRC...
#--------------------------------------
Running generate.
#--------------------------------------
# device-tree BSP generate...
#--------------------------------------
--- device tree generator version: v1.1 ---
generating xilinx.dts
Clock Port Summary:
acp_0.m00_axi_aclk connected to processing_system7_0_FCLK_CLK0:
    CLK_FREQ_HZ = 100000000
axi_bram_ctrl_0.s_axi_aclk connected to processing_system7_0_FCLK_CLK0:
    CLK_FREQ_HZ = 100000000
axi_cdma_0.m_axi_aclk connected to processing_system7_0_FCLK_CLK0:
    CLK_FREQ_HZ = 100000000
axi_cdma_0.s_axi_lite_aclk connected to processing_system7_0_FCLK_CLK0:
    CLK_FREQ_HZ = 100000000
axi_crossbar_0.aclk connected to processing_system7_0_FCLK_CLK0:
    CLK_FREQ_HZ = 100000000
axi_mem_intercon_m00_couplers_auto_pc.aclk connected to
processing_system7_0_FCLK_CLK0:
    CLK_FREQ_HZ = 100000000
axi_mem_intercon_m01_couplers_auto_ds.s_axi_aclk connected to
processing_system7_0_FCLK_CLK0:
    CLK_FREQ_HZ = 100000000
axi_mem_intercon_m01_couplers_auto_pc.aclk connected to
processing_system7_0_FCLK_CLK0:
    CLK_FREQ_HZ = 100000000
axi_mem_intercon_s00_couplers_auto_us.s_axi_aclk connected to
processing_system7_0_FCLK_CLK0:
    CLK_FREQ_HZ = 100000000
axi_mem_intercon_s01_couplers_auto_pc.aclk connected to
processing_system7_0_FCLK_CLK0:
    CLK_FREQ_HZ = 100000000
axi_mem_intercon_s01_couplers_auto_us.s_axi_aclk connected to
processing_system7_0_FCLK_CLK0:
    CLK_FREQ_HZ = 100000000
axi_mem_intercon_xbar.aclk connected to processing_system7_0_FCLK_CLK0:
    CLK_FREQ_HZ = 100000000
init_cdma_0.m00_axi_aclk connected to processing_system7_0_FCLK_CLK0:
    CLK_FREQ_HZ = 100000000
proc_sys_reset.slowest_sync_clk connected to processing_system7_0_FCLK_CLK0:
    CLK_FREQ_HZ = 100000000
processing_system7_0_axi_periph_s00_couplers_auto_pc.aclk connected to
processing_system7_0_FCLK_CLK0:
    CLK_FREQ_HZ = 100000000
processing_system7_0_axi_periph_xbar.aclk connected to
processing_system7_0_FCLK_CLK0:
    CLK_FREQ_HZ = 100000000
ps7_uart_1.S_AXI_ACLK connected to ps7_axi_interconnect_0_M_AXI_ACLK:
    CLK_FREQ_HZ = WARNING: no frequency found!
ps7_qspi_0.S_AXI_ACLK connected to ps7_axi_interconnect_0_M_AXI_ACLK:
    CLK_FREQ_HZ = WARNING: no frequency found!
ps7_qspi_linear_0.S_AXI_ACLK connected to ps7_axi_interconnect_0_M_AXI_ACLK:
    CLK_FREQ_HZ = WARNING: no frequency found!
ps7_axi_interconnect_0.M_AXI_ACLK connected to
ps7_axi_interconnect_0_M_AXI_ACLK:
    CLK_FREQ_HZ = WARNING: no frequency found!
ps7_cortexa9_0.M_AXI_DP_ACLK connected to
ps7_axi_interconnect_0_S_AXI_CTRL_ACLK:
    CLK_FREQ_HZ = WARNING: no frequency found!
ps7_cortexa9_1.M_AXI_DP_ACLK connected to
ps7_axi_interconnect_0_S_AXI_CTRL_ACLK:
    CLK_FREQ_HZ = WARNING: no frequency found!
ps7_ddr_0.S_AXI_ACLK connected to ps7_axi_interconnect_0_M_AXI_ACLK:
    CLK_FREQ_HZ = WARNING: no frequency found!
ps7_ethernet_0.S_AXI_ACLK connected to ps7_axi_interconnect_0_M_AXI_ACLK:
    CLK_FREQ_HZ = WARNING: no frequency found!
ps7_usb_0.S_AXI_ACLK connected to ps7_axi_interconnect_0_M_AXI_ACLK:
    CLK_FREQ_HZ = WARNING: no frequency found!
ps7_sd_0.S_AXI_ACLK connected to ps7_axi_interconnect_0_M_AXI_ACLK:
    CLK_FREQ_HZ = WARNING: no frequency found!
ps7_ttc_0.S_AXI_ACLK connected to ps7_axi_interconnect_0_M_AXI_ACLK:
    CLK_FREQ_HZ = WARNING: no frequency found!
ps7_gpio_0.S_AXI_ACLK connected to ps7_axi_interconnect_0_M_AXI_ACLK:
    CLK_FREQ_HZ = WARNING: no frequency found!
ps7_ddrc_0.S_AXI_ACLK connected to ps7_axi_interconnect_0_M_AXI_ACLK:
    CLK_FREQ_HZ = WARNING: no frequency found!
ps7_dev_cfg_0.S_AXI_ACLK connected to ps7_axi_interconnect_0_M_AXI_ACLK:
    CLK_FREQ_HZ = WARNING: no frequency found!
ps7_xadc_0.S_AXI_ACLK connected to ps7_axi_interconnect_0_M_AXI_ACLK:
    CLK_FREQ_HZ = WARNING: no frequency found!
ps7_ocmc_0.S_AXI_ACLK connected to ps7_axi_interconnect_0_M_AXI_ACLK:
    CLK_FREQ_HZ = WARNING: no frequency found!
ps7_coresight_comp_0.S_AXI_ACLK connected to ps7_axi_interconnect_0_M_AXI_ACLK:
    CLK_FREQ_HZ = WARNING: no frequency found!
ps7_gpv_0.S_AXI_ACLK connected to ps7_axi_interconnect_0_M_AXI_ACLK:
    CLK_FREQ_HZ = WARNING: no frequency found!
ps7_scuc_0.S_AXI_ACLK connected to ps7_axi_interconnect_0_M_AXI_ACLK:
    CLK_FREQ_HZ = WARNING: no frequency found!
ps7_globaltimer_0.S_AXI_ACLK connected to ps7_axi_interconnect_0_M_AXI_ACLK:
    CLK_FREQ_HZ = WARNING: no frequency found!
ps7_intc_dist_0.S_AXI_ACLK connected to ps7_axi_interconnect_0_M_AXI_ACLK:
    CLK_FREQ_HZ = WARNING: no frequency found!
ps7_l2cachec_0.S_AXI_ACLK connected to ps7_axi_interconnect_0_M_AXI_ACLK:
    CLK_FREQ_HZ = WARNING: no frequency found!
ps7_dma_s.S_AXI_ACLK connected to ps7_axi_interconnect_0_M_AXI_ACLK:
    CLK_FREQ_HZ = WARNING: no frequency found!
ps7_iop_bus_config_0.S_AXI_ACLK connected to ps7_axi_interconnect_0_M_AXI_ACLK:
    CLK_FREQ_HZ = WARNING: no frequency found!
ps7_ram_0.S_AXI_ACLK connected to ps7_axi_interconnect_0_M_AXI_ACLK:
    CLK_FREQ_HZ = WARNING: no frequency found!
ps7_ram_1.S_AXI_ACLK connected to ps7_axi_interconnect_0_M_AXI_ACLK:
    CLK_FREQ_HZ = WARNING: no frequency found!
ps7_scugic_0.S_AXI_ACLK connected to ps7_axi_interconnect_0_M_AXI_ACLK:
    CLK_FREQ_HZ = WARNING: no frequency found!
ps7_scutimer_0.S_AXI_ACLK connected to ps7_axi_interconnect_0_M_AXI_ACLK:
    CLK_FREQ_HZ = WARNING: no frequency found!
ps7_scuwdt_0.S_AXI_ACLK connected to ps7_axi_interconnect_0_M_AXI_ACLK:
    CLK_FREQ_HZ = WARNING: no frequency found!
ps7_slcr_0.S_AXI_ACLK connected to ps7_axi_interconnect_0_M_AXI_ACLK:
    CLK_FREQ_HZ = WARNING: no frequency found!
ps7_dma_ns.S_AXI_ACLK connected to ps7_axi_interconnect_0_M_AXI_ACLK:
    CLK_FREQ_HZ = WARNING: no frequency found!
ps7_afi_0.S_AXI_ACLK connected to ps7_axi_interconnect_0_M_AXI_ACLK:
    CLK_FREQ_HZ = WARNING: no frequency found!
ps7_afi_1.S_AXI_ACLK connected to ps7_axi_interconnect_0_M_AXI_ACLK:
    CLK_FREQ_HZ = WARNING: no frequency found!
ps7_afi_2.S_AXI_ACLK connected to ps7_axi_interconnect_0_M_AXI_ACLK:
    CLK_FREQ_HZ = WARNING: no frequency found!
ps7_afi_3.S_AXI_ACLK connected to ps7_axi_interconnect_0_M_AXI_ACLK:
    CLK_FREQ_HZ = WARNING: no frequency found!
IP connected to bus: ps7_axi_interconnect_0
-master M_AXI_DP ps7_axi_interconnect_0 ps7_cortexa9_0
-master M_AXI_DP ps7_axi_interconnect_0 ps7_cortexa9_1
-slave S_AXI ps7_axi_interconnect_0 ps7_uart_1
-slave S_AXI ps7_axi_interconnect_0 ps7_qspi_0
-slave S_AXI ps7_axi_interconnect_0 ps7_qspi_linear_0
-slave S_AXI ps7_axi_interconnect_0 ps7_ethernet_0
-slave S_AXI ps7_axi_interconnect_0 ps7_usb_0
-slave S_AXI ps7_axi_interconnect_0 ps7_sd_0
-slave S_AXI ps7_axi_interconnect_0 ps7_ttc_0
-slave S_AXI ps7_axi_interconnect_0 ps7_gpio_0
-slave S_AXI ps7_axi_interconnect_0 ps7_ddrc_0
-slave S_AXI ps7_axi_interconnect_0 ps7_dev_cfg_0
-slave S_AXI ps7_axi_interconnect_0 ps7_xadc_0
-slave S_AXI ps7_axi_interconnect_0 ps7_ocmc_0
-slave S_AXI ps7_axi_interconnect_0 ps7_coresight_comp_0
-slave S_AXI ps7_axi_interconnect_0 ps7_gpv_0
-slave S_AXI ps7_axi_interconnect_0 ps7_scuc_0
-slave S_AXI ps7_axi_interconnect_0 ps7_globaltimer_0
-slave S_AXI ps7_axi_interconnect_0 ps7_intc_dist_0
-slave S_AXI ps7_axi_interconnect_0 ps7_l2cachec_0
-slave S_AXI ps7_axi_interconnect_0 ps7_dma_s
-slave S_AXI ps7_axi_interconnect_0 ps7_iop_bus_config_0
-slave S_AXI ps7_axi_interconnect_0 ps7_ram_1
-slave S_AXI ps7_axi_interconnect_0 ps7_scugic_0
-slave S_AXI ps7_axi_interconnect_0 ps7_scutimer_0
-slave S_AXI ps7_axi_interconnect_0 ps7_scuwdt_0
-slave S_AXI ps7_axi_interconnect_0 ps7_slcr_0
-slave S_AXI ps7_axi_interconnect_0 ps7_dma_ns
-slave S_AXI ps7_axi_interconnect_0 ps7_afi_0
-slave S_AXI ps7_axi_interconnect_0 ps7_afi_1
-slave S_AXI ps7_axi_interconnect_0 ps7_afi_2
-slave S_AXI ps7_axi_interconnect_0 ps7_afi_3
-slave axi_bram_ctrl_0
-slave axi_cdma_0
-slave ps7_afi_0
IP 49727056 ps7_afi_0 is already appended - skip it
-slave ps7_afi_1
IP 49727456 ps7_afi_1 is already appended - skip it
-slave ps7_afi_2
IP 49727856 ps7_afi_2 is already appended - skip it
-slave ps7_afi_3
IP 49728256 ps7_afi_3 is already appended - skip it
-slave ps7_coresight_comp_0
IP 49525408 ps7_coresight_comp_0 is already appended - skip it
-slave ps7_ddr_0
-slave ps7_ddrc_0
IP 49523808 ps7_ddrc_0 is already appended - skip it
-slave ps7_dev_cfg_0
IP 49524208 ps7_dev_cfg_0 is already appended - skip it
-slave ps7_dma_ns
-slave ps7_dma_s
IP 49723456 ps7_dma_s is already appended - skip it
-slave ps7_ethernet_0
IP 49521808 ps7_ethernet_0 is already appended - skip it
-slave ps7_globaltimer_0
IP 49526608 ps7_globaltimer_0 is already appended - skip it
-slave ps7_gpio_0
IP 49523408 ps7_gpio_0 is already appended - skip it
-slave ps7_gpv_0
IP 49525808 ps7_gpv_0 is already appended - skip it
-slave ps7_intc_dist_0
IP 49527008 ps7_intc_dist_0 is already appended - skip it
-slave ps7_iop_bus_config_0
IP 49723856 ps7_iop_bus_config_0 is already appended - skip it
-slave ps7_l2cachec_0
IP 49527408 ps7_l2cachec_0 is already appended - skip it
-slave ps7_ocmc_0
IP 49525008 ps7_ocmc_0 is already appended - skip it
-slave ps7_qspi_0
IP 49519808 ps7_qspi_0 is already appended - skip it
-slave ps7_qspi_linear_0
IP 49520208 ps7_qspi_linear_0 is already appended - skip it
-slave ps7_ram_0
-slave ps7_ram_1
IP 49724656 ps7_ram_1 is already appended - skip it
-slave ps7_scuc_0
IP 49526208 ps7_scuc_0 is already appended - skip it
-slave ps7_scugic_0
IP 49725056 ps7_scugic_0 is already appended - skip it
-slave ps7_scutimer_0
IP 49725456 ps7_scutimer_0 is already appended - skip it
-slave ps7_scuwdt_0
IP 49725856 ps7_scuwdt_0 is already appended - skip it
-slave ps7_sd_0
IP 49522608 ps7_sd_0 is already appended - skip it
-slave ps7_slcr_0
IP 49726256 ps7_slcr_0 is already appended - skip it
-slave ps7_ttc_0
IP 49523008 ps7_ttc_0 is already appended - skip it
-slave ps7_uart_1
IP 49519408 ps7_uart_1 is already appended - skip it
-slave ps7_usb_0
IP 49522208 ps7_usb_0 is already appended - skip it
-slave ps7_xadc_0
IP 49524608 ps7_xadc_0 is already appended - skip it
ps7_ocmc_0
ps7_coresight_comp_0
ps7_gpv_0
ps7_scuc_0
ps7_globaltimer_0
ps7_intc_dist_0
ps7_l2cachec_0
ps7_afi_0
ps7_afi_1
ps7_afi_2
ps7_afi_3
{serial0 aliasref ps7_uart_1 0} {spi0 aliasref ps7_qspi_0 0} {ethernet0 aliasref
ps7_ethernet_0 0}
Running post_generate.
Running execs_generate.
Finished building libraries
14:08:01 **** Auto Build of configuration Release for project fsbl ****
make all 
Building file: ../src/ps7_init.c
Invoking: ARM gcc compiler
arm-xilinx-eabi-gcc -Wall -O2 -c -fmessage-length=0 -I../../fsbl_bsp/ps7_cortexa9_0/include -MMD -MP -MF"src/ps7_init.d" -MT"src/ps7_init.d" -o "src/ps7_init.o" "../src/ps7_init.c"
Finished building: ../src/ps7_init.c
 
Building target: fsbl.elf
Invoking: ARM gcc linker
arm-xilinx-eabi-gcc -L"/root/260214/fsbl/src" -Wl,-T -Wl,../src/lscript.ld -L../../fsbl_bsp/ps7_cortexa9_0/lib -o "fsbl.elf"  ./src/ddr_init.o ./src/ff.o ./src/fsbl_handoff.o ./src/fsbl_hooks.o ./src/image_mover.o ./src/main.o ./src/md5.o ./src/mmc.o ./src/nand.o ./src/nor.o ./src/pcap.o ./src/ps7_init.o ./src/qspi.o ./src/rsa.o ./src/sd.o   -lrsa -Wl,--start-group,-lxil,-lgcc,-lc,--end-group
Finished building target: fsbl.elf
 
Invoking: ARM Print Size
arm-xilinx-eabi-size fsbl.elf  |tee "fsbl.elf.size"
   text	   data	    bss	    dec	    hex	filename
  57064	  11352	  72500	 140916	  22674	fsbl.elf
Finished building: fsbl.elf.size
 
14:08:03 **** Clean-only build of project device-tree_bsp_0 ****
make -k clean 
rm -rf ps7_cortexa9_0
14:08:03 **** Build of project device-tree_bsp_0 ****
make -k all 
libgen -hw ../hw_platform_0/system.xml\
	       -lp /root/PROJECT/XILINX/clock_test\
	       -pe ps7_cortexa9_0 \
	       -log libgen.log \
	       system.mss
libgen
Xilinx EDK 14.7 Build EDK_P.20131013
Copyright (c) 1995-2012 Xilinx, Inc.  All rights reserved.

Command Line: libgen -hw ../hw_platform_0/system.xml -lp
/root/PROJECT/XILINX/clock_test -pe ps7_cortexa9_0 -log libgen.log system.mss 


Staging source files.
Running DRCs.
#--------------------------------------
# device-tree BSP DRC...
#--------------------------------------
Running generate.
#--------------------------------------
# device-tree BSP generate...
#--------------------------------------
--- device tree generator version: v1.1 ---
generating xilinx.dts
Clock Port Summary:
acp_0.m00_axi_aclk connected to processing_system7_0_FCLK_CLK0:
    CLK_FREQ_HZ = 100000000
axi_bram_ctrl_0.s_axi_aclk connected to processing_system7_0_FCLK_CLK0:
    CLK_FREQ_HZ = 100000000
axi_cdma_0.m_axi_aclk connected to processing_system7_0_FCLK_CLK0:
    CLK_FREQ_HZ = 100000000
axi_cdma_0.s_axi_lite_aclk connected to processing_system7_0_FCLK_CLK0:
    CLK_FREQ_HZ = 100000000
axi_crossbar_0.aclk connected to processing_system7_0_FCLK_CLK0:
    CLK_FREQ_HZ = 100000000
axi_mem_intercon_m00_couplers_auto_pc.aclk connected to
processing_system7_0_FCLK_CLK0:
    CLK_FREQ_HZ = 100000000
axi_mem_intercon_m01_couplers_auto_ds.s_axi_aclk connected to
processing_system7_0_FCLK_CLK0:
    CLK_FREQ_HZ = 100000000
axi_mem_intercon_m01_couplers_auto_pc.aclk connected to
processing_system7_0_FCLK_CLK0:
    CLK_FREQ_HZ = 100000000
axi_mem_intercon_s00_couplers_auto_us.s_axi_aclk connected to
processing_system7_0_FCLK_CLK0:
    CLK_FREQ_HZ = 100000000
axi_mem_intercon_s01_couplers_auto_pc.aclk connected to
processing_system7_0_FCLK_CLK0:
    CLK_FREQ_HZ = 100000000
axi_mem_intercon_s01_couplers_auto_us.s_axi_aclk connected to
processing_system7_0_FCLK_CLK0:
    CLK_FREQ_HZ = 100000000
axi_mem_intercon_xbar.aclk connected to processing_system7_0_FCLK_CLK0:
    CLK_FREQ_HZ = 100000000
init_cdma_0.m00_axi_aclk connected to processing_system7_0_FCLK_CLK0:
    CLK_FREQ_HZ = 100000000
proc_sys_reset.slowest_sync_clk connected to processing_system7_0_FCLK_CLK0:
    CLK_FREQ_HZ = 100000000
processing_system7_0_axi_periph_s00_couplers_auto_pc.aclk connected to
processing_system7_0_FCLK_CLK0:
    CLK_FREQ_HZ = 100000000
processing_system7_0_axi_periph_xbar.aclk connected to
processing_system7_0_FCLK_CLK0:
    CLK_FREQ_HZ = 100000000
ps7_uart_1.S_AXI_ACLK connected to ps7_axi_interconnect_0_M_AXI_ACLK:
    CLK_FREQ_HZ = WARNING: no frequency found!
ps7_qspi_0.S_AXI_ACLK connected to ps7_axi_interconnect_0_M_AXI_ACLK:
    CLK_FREQ_HZ = WARNING: no frequency found!
ps7_qspi_linear_0.S_AXI_ACLK connected to ps7_axi_interconnect_0_M_AXI_ACLK:
    CLK_FREQ_HZ = WARNING: no frequency found!
ps7_axi_interconnect_0.M_AXI_ACLK connected to
ps7_axi_interconnect_0_M_AXI_ACLK:
    CLK_FREQ_HZ = WARNING: no frequency found!
ps7_cortexa9_0.M_AXI_DP_ACLK connected to
ps7_axi_interconnect_0_S_AXI_CTRL_ACLK:
    CLK_FREQ_HZ = WARNING: no frequency found!
ps7_cortexa9_1.M_AXI_DP_ACLK connected to
ps7_axi_interconnect_0_S_AXI_CTRL_ACLK:
    CLK_FREQ_HZ = WARNING: no frequency found!
ps7_ddr_0.S_AXI_ACLK connected to ps7_axi_interconnect_0_M_AXI_ACLK:
    CLK_FREQ_HZ = WARNING: no frequency found!
ps7_ethernet_0.S_AXI_ACLK connected to ps7_axi_interconnect_0_M_AXI_ACLK:
    CLK_FREQ_HZ = WARNING: no frequency found!
ps7_usb_0.S_AXI_ACLK connected to ps7_axi_interconnect_0_M_AXI_ACLK:
    CLK_FREQ_HZ = WARNING: no frequency found!
ps7_sd_0.S_AXI_ACLK connected to ps7_axi_interconnect_0_M_AXI_ACLK:
    CLK_FREQ_HZ = WARNING: no frequency found!
ps7_ttc_0.S_AXI_ACLK connected to ps7_axi_interconnect_0_M_AXI_ACLK:
    CLK_FREQ_HZ = WARNING: no frequency found!
ps7_gpio_0.S_AXI_ACLK connected to ps7_axi_interconnect_0_M_AXI_ACLK:
    CLK_FREQ_HZ = WARNING: no frequency found!
ps7_ddrc_0.S_AXI_ACLK connected to ps7_axi_interconnect_0_M_AXI_ACLK:
    CLK_FREQ_HZ = WARNING: no frequency found!
ps7_dev_cfg_0.S_AXI_ACLK connected to ps7_axi_interconnect_0_M_AXI_ACLK:
    CLK_FREQ_HZ = WARNING: no frequency found!
ps7_xadc_0.S_AXI_ACLK connected to ps7_axi_interconnect_0_M_AXI_ACLK:
    CLK_FREQ_HZ = WARNING: no frequency found!
ps7_ocmc_0.S_AXI_ACLK connected to ps7_axi_interconnect_0_M_AXI_ACLK:
    CLK_FREQ_HZ = WARNING: no frequency found!
ps7_coresight_comp_0.S_AXI_ACLK connected to ps7_axi_interconnect_0_M_AXI_ACLK:
    CLK_FREQ_HZ = WARNING: no frequency found!
ps7_gpv_0.S_AXI_ACLK connected to ps7_axi_interconnect_0_M_AXI_ACLK:
    CLK_FREQ_HZ = WARNING: no frequency found!
ps7_scuc_0.S_AXI_ACLK connected to ps7_axi_interconnect_0_M_AXI_ACLK:
    CLK_FREQ_HZ = WARNING: no frequency found!
ps7_globaltimer_0.S_AXI_ACLK connected to ps7_axi_interconnect_0_M_AXI_ACLK:
    CLK_FREQ_HZ = WARNING: no frequency found!
ps7_intc_dist_0.S_AXI_ACLK connected to ps7_axi_interconnect_0_M_AXI_ACLK:
    CLK_FREQ_HZ = WARNING: no frequency found!
ps7_l2cachec_0.S_AXI_ACLK connected to ps7_axi_interconnect_0_M_AXI_ACLK:
    CLK_FREQ_HZ = WARNING: no frequency found!
ps7_dma_s.S_AXI_ACLK connected to ps7_axi_interconnect_0_M_AXI_ACLK:
    CLK_FREQ_HZ = WARNING: no frequency found!
ps7_iop_bus_config_0.S_AXI_ACLK connected to ps7_axi_interconnect_0_M_AXI_ACLK:
    CLK_FREQ_HZ = WARNING: no frequency found!
ps7_ram_0.S_AXI_ACLK connected to ps7_axi_interconnect_0_M_AXI_ACLK:
    CLK_FREQ_HZ = WARNING: no frequency found!
ps7_ram_1.S_AXI_ACLK connected to ps7_axi_interconnect_0_M_AXI_ACLK:
    CLK_FREQ_HZ = WARNING: no frequency found!
ps7_scugic_0.S_AXI_ACLK connected to ps7_axi_interconnect_0_M_AXI_ACLK:
    CLK_FREQ_HZ = WARNING: no frequency found!
ps7_scutimer_0.S_AXI_ACLK connected to ps7_axi_interconnect_0_M_AXI_ACLK:
    CLK_FREQ_HZ = WARNING: no frequency found!
ps7_scuwdt_0.S_AXI_ACLK connected to ps7_axi_interconnect_0_M_AXI_ACLK:
    CLK_FREQ_HZ = WARNING: no frequency found!
ps7_slcr_0.S_AXI_ACLK connected to ps7_axi_interconnect_0_M_AXI_ACLK:
    CLK_FREQ_HZ = WARNING: no frequency found!
ps7_dma_ns.S_AXI_ACLK connected to ps7_axi_interconnect_0_M_AXI_ACLK:
    CLK_FREQ_HZ = WARNING: no frequency found!
ps7_afi_0.S_AXI_ACLK connected to ps7_axi_interconnect_0_M_AXI_ACLK:
    CLK_FREQ_HZ = WARNING: no frequency found!
ps7_afi_1.S_AXI_ACLK connected to ps7_axi_interconnect_0_M_AXI_ACLK:
    CLK_FREQ_HZ = WARNING: no frequency found!
ps7_afi_2.S_AXI_ACLK connected to ps7_axi_interconnect_0_M_AXI_ACLK:
    CLK_FREQ_HZ = WARNING: no frequency found!
ps7_afi_3.S_AXI_ACLK connected to ps7_axi_interconnect_0_M_AXI_ACLK:
    CLK_FREQ_HZ = WARNING: no frequency found!
IP connected to bus: ps7_axi_interconnect_0
-master M_AXI_DP ps7_axi_interconnect_0 ps7_cortexa9_0
-master M_AXI_DP ps7_axi_interconnect_0 ps7_cortexa9_1
-slave S_AXI ps7_axi_interconnect_0 ps7_uart_1
-slave S_AXI ps7_axi_interconnect_0 ps7_qspi_0
-slave S_AXI ps7_axi_interconnect_0 ps7_qspi_linear_0
-slave S_AXI ps7_axi_interconnect_0 ps7_ethernet_0
-slave S_AXI ps7_axi_interconnect_0 ps7_usb_0
-slave S_AXI ps7_axi_interconnect_0 ps7_sd_0
-slave S_AXI ps7_axi_interconnect_0 ps7_ttc_0
-slave S_AXI ps7_axi_interconnect_0 ps7_gpio_0
-slave S_AXI ps7_axi_interconnect_0 ps7_ddrc_0
-slave S_AXI ps7_axi_interconnect_0 ps7_dev_cfg_0
-slave S_AXI ps7_axi_interconnect_0 ps7_xadc_0
-slave S_AXI ps7_axi_interconnect_0 ps7_ocmc_0
-slave S_AXI ps7_axi_interconnect_0 ps7_coresight_comp_0
-slave S_AXI ps7_axi_interconnect_0 ps7_gpv_0
-slave S_AXI ps7_axi_interconnect_0 ps7_scuc_0
-slave S_AXI ps7_axi_interconnect_0 ps7_globaltimer_0
-slave S_AXI ps7_axi_interconnect_0 ps7_intc_dist_0
-slave S_AXI ps7_axi_interconnect_0 ps7_l2cachec_0
-slave S_AXI ps7_axi_interconnect_0 ps7_dma_s
-slave S_AXI ps7_axi_interconnect_0 ps7_iop_bus_config_0
-slave S_AXI ps7_axi_interconnect_0 ps7_ram_1
-slave S_AXI ps7_axi_interconnect_0 ps7_scugic_0
-slave S_AXI ps7_axi_interconnect_0 ps7_scutimer_0
-slave S_AXI ps7_axi_interconnect_0 ps7_scuwdt_0
-slave S_AXI ps7_axi_interconnect_0 ps7_slcr_0
-slave S_AXI ps7_axi_interconnect_0 ps7_dma_ns
-slave S_AXI ps7_axi_interconnect_0 ps7_afi_0
-slave S_AXI ps7_axi_interconnect_0 ps7_afi_1
-slave S_AXI ps7_axi_interconnect_0 ps7_afi_2
-slave S_AXI ps7_axi_interconnect_0 ps7_afi_3
-slave axi_bram_ctrl_0
-slave axi_cdma_0
-slave ps7_afi_0
IP 53752096 ps7_afi_0 is already appended - skip it
-slave ps7_afi_1
IP 53752496 ps7_afi_1 is already appended - skip it
-slave ps7_afi_2
IP 53752896 ps7_afi_2 is already appended - skip it
-slave ps7_afi_3
IP 53753296 ps7_afi_3 is already appended - skip it
-slave ps7_coresight_comp_0
IP 53746096 ps7_coresight_comp_0 is already appended - skip it
-slave ps7_ddr_0
-slave ps7_ddrc_0
IP 53744496 ps7_ddrc_0 is already appended - skip it
-slave ps7_dev_cfg_0
IP 53744896 ps7_dev_cfg_0 is already appended - skip it
-slave ps7_dma_ns
-slave ps7_dma_s
IP 53748496 ps7_dma_s is already appended - skip it
-slave ps7_ethernet_0
IP 54084688 ps7_ethernet_0 is already appended - skip it
-slave ps7_globaltimer_0
IP 53747296 ps7_globaltimer_0 is already appended - skip it
-slave ps7_gpio_0
IP 53742256 ps7_gpio_0 is already appended - skip it
-slave ps7_gpv_0
IP 53746496 ps7_gpv_0 is already appended - skip it
-slave ps7_intc_dist_0
IP 53747696 ps7_intc_dist_0 is already appended - skip it
-slave ps7_iop_bus_config_0
IP 53748896 ps7_iop_bus_config_0 is already appended - skip it
-slave ps7_l2cachec_0
IP 53748096 ps7_l2cachec_0 is already appended - skip it
-slave ps7_ocmc_0
IP 53745696 ps7_ocmc_0 is already appended - skip it
-slave ps7_qspi_0
IP 54082688 ps7_qspi_0 is already appended - skip it
-slave ps7_qspi_linear_0
IP 54083088 ps7_qspi_linear_0 is already appended - skip it
-slave ps7_ram_0
-slave ps7_ram_1
IP 53749696 ps7_ram_1 is already appended - skip it
-slave ps7_scuc_0
IP 53746896 ps7_scuc_0 is already appended - skip it
-slave ps7_scugic_0
IP 53750096 ps7_scugic_0 is already appended - skip it
-slave ps7_scutimer_0
IP 53750496 ps7_scutimer_0 is already appended - skip it
-slave ps7_scuwdt_0
IP 53750896 ps7_scuwdt_0 is already appended - skip it
-slave ps7_sd_0
IP 54085488 ps7_sd_0 is already appended - skip it
-slave ps7_slcr_0
IP 53751296 ps7_slcr_0 is already appended - skip it
-slave ps7_ttc_0
IP 54085888 ps7_ttc_0 is already appended - skip it
-slave ps7_uart_1
IP 54082288 ps7_uart_1 is already appended - skip it
-slave ps7_usb_0
IP 54085088 ps7_usb_0 is already appended - skip it
-slave ps7_xadc_0
IP 53745296 ps7_xadc_0 is already appended - skip it
ps7_ocmc_0
ps7_coresight_comp_0
ps7_gpv_0
ps7_scuc_0
ps7_globaltimer_0
ps7_intc_dist_0
ps7_l2cachec_0
ps7_afi_0
ps7_afi_1
ps7_afi_2
ps7_afi_3
{serial0 aliasref ps7_uart_1 0} {spi0 aliasref ps7_qspi_0 0} {ethernet0 aliasref
ps7_ethernet_0 0}
Running post_generate.
Running execs_generate.
Finished building libraries
14:08:06 **** Clean-only build of configuration Release for project fsbl ****
make clean 
rm -rf  ./src/ddr_init.o ./src/ff.o ./src/fsbl_handoff.o ./src/fsbl_hooks.o ./src/image_mover.o ./src/main.o ./src/md5.o ./src/mmc.o ./src/nand.o ./src/nor.o ./src/pcap.o ./src/ps7_init.o ./src/qspi.o ./src/rsa.o ./src/sd.o  ./src/ddr_init.d ./src/ff.d ./src/fsbl_hooks.d ./src/image_mover.d ./src/main.d ./src/md5.d ./src/mmc.d ./src/nand.d ./src/nor.d ./src/pcap.d ./src/ps7_init.d ./src/qspi.d ./src/rsa.d ./src/sd.d  fsbl.elf.size  ./src/fsbl_handoff.d  fsbl.elf
 
14:08:07 **** Clean-only build of project fsbl_bsp ****
make -k clean 
rm -rf ps7_cortexa9_0
14:08:08 **** Build of project fsbl_bsp ****
make -k all 
libgen -hw ../hw_platform_0/system.xml\
	       -lp /root/PROJECT/XILINX/clock_test\
	       -pe ps7_cortexa9_0 \
	       -log libgen.log \
	       system.mss
libgen
Xilinx EDK 14.7 Build EDK_P.20131013
Copyright (c) 1995-2012 Xilinx, Inc.  All rights reserved.

Command Line: libgen -hw ../hw_platform_0/system.xml -lp
/root/PROJECT/XILINX/clock_test -pe ps7_cortexa9_0 -log libgen.log system.mss 


Staging source files.
Running DRCs.
Running generate.
Running post_generate.
Running include - 'gmake -s include "COMPILER=arm-xilinx-eabi-gcc"
"ARCHIVER=arm-xilinx-eabi-ar" "COMPILER_FLAGS= -O2 -c"
"EXTRA_COMPILER_FLAGS=-g"'.

Running libs - 'gmake -s libs "COMPILER=arm-xilinx-eabi-gcc"
"ARCHIVER=arm-xilinx-eabi-ar" "COMPILER_FLAGS= -O2 -c"
"EXTRA_COMPILER_FLAGS=-g"'.
Compiling common
arm-xilinx-eabi-ar: creating ../../../lib/libxil.a
Compiling standalone
Compiling bram
Compiling axicdma
Compiling devcfg
Compiling dmaps
Compiling emacps
Compiling gpiops
Compiling qspips
Compiling scugic
Compiling scutimer
Compiling scuwdt
Compiling ttcps
Compiling uartps
Compiling usbps
Compiling xadcps
Compiling cpu_cortexa9
Running execs_generate.
Finished building libraries
14:08:26 **** Build of configuration Release for project fsbl ****
make all 
Building file: ../src/ddr_init.c
Invoking: ARM gcc compiler
arm-xilinx-eabi-gcc -Wall -O2 -c -fmessage-length=0 -I../../fsbl_bsp/ps7_cortexa9_0/include -MMD -MP -MF"src/ddr_init.d" -MT"src/ddr_init.d" -o "src/ddr_init.o" "../src/ddr_init.c"
Finished building: ../src/ddr_init.c
 
Building file: ../src/ff.c
Invoking: ARM gcc compiler
arm-xilinx-eabi-gcc -Wall -O2 -c -fmessage-length=0 -I../../fsbl_bsp/ps7_cortexa9_0/include -MMD -MP -MF"src/ff.d" -MT"src/ff.d" -o "src/ff.o" "../src/ff.c"
Finished building: ../src/ff.c
 
Building file: ../src/fsbl_handoff.S
Invoking: ARM gcc compiler
arm-xilinx-eabi-gcc -Wall -O2 -c -fmessage-length=0 -I../../fsbl_bsp/ps7_cortexa9_0/include -MMD -MP -MF"src/fsbl_handoff.d" -MT"src/fsbl_handoff.d" -o "src/fsbl_handoff.o" "../src/fsbl_handoff.S"
Finished building: ../src/fsbl_handoff.S
 
Building file: ../src/fsbl_hooks.c
Invoking: ARM gcc compiler
arm-xilinx-eabi-gcc -Wall -O2 -c -fmessage-length=0 -I../../fsbl_bsp/ps7_cortexa9_0/include -MMD -MP -MF"src/fsbl_hooks.d" -MT"src/fsbl_hooks.d" -o "src/fsbl_hooks.o" "../src/fsbl_hooks.c"
Finished building: ../src/fsbl_hooks.c
 
Building file: ../src/image_mover.c
Invoking: ARM gcc compiler
arm-xilinx-eabi-gcc -Wall -O2 -c -fmessage-length=0 -I../../fsbl_bsp/ps7_cortexa9_0/include -MMD -MP -MF"src/image_mover.d" -MT"src/image_mover.d" -o "src/image_mover.o" "../src/image_mover.c"
Finished building: ../src/image_mover.c
 
Building file: ../src/main.c
Invoking: ARM gcc compiler
arm-xilinx-eabi-gcc -Wall -O2 -c -fmessage-length=0 -I../../fsbl_bsp/ps7_cortexa9_0/include -MMD -MP -MF"src/main.d" -MT"src/main.d" -o "src/main.o" "../src/main.c"
Finished building: ../src/main.c
 
Building file: ../src/md5.c
Invoking: ARM gcc compiler
arm-xilinx-eabi-gcc -Wall -O2 -c -fmessage-length=0 -I../../fsbl_bsp/ps7_cortexa9_0/include -MMD -MP -MF"src/md5.d" -MT"src/md5.d" -o "src/md5.o" "../src/md5.c"
../src/md5.c: In function 'MD5Final':
../src/md5.c:445:2: warning: dereferencing type-punned pointer will break strict-aliasing rules [-Wstrict-aliasing]
../src/md5.c:446:2: warning: dereferencing type-punned pointer will break strict-aliasing rules [-Wstrict-aliasing]
Finished building: ../src/md5.c
 
Building file: ../src/mmc.c
Invoking: ARM gcc compiler
arm-xilinx-eabi-gcc -Wall -O2 -c -fmessage-length=0 -I../../fsbl_bsp/ps7_cortexa9_0/include -MMD -MP -MF"src/mmc.d" -MT"src/mmc.d" -o "src/mmc.o" "../src/mmc.c"
Finished building: ../src/mmc.c
 
Building file: ../src/nand.c
Invoking: ARM gcc compiler
arm-xilinx-eabi-gcc -Wall -O2 -c -fmessage-length=0 -I../../fsbl_bsp/ps7_cortexa9_0/include -MMD -MP -MF"src/nand.d" -MT"src/nand.d" -o "src/nand.o" "../src/nand.c"
Finished building: ../src/nand.c
 
Building file: ../src/nor.c
Invoking: ARM gcc compiler
arm-xilinx-eabi-gcc -Wall -O2 -c -fmessage-length=0 -I../../fsbl_bsp/ps7_cortexa9_0/include -MMD -MP -MF"src/nor.d" -MT"src/nor.d" -o "src/nor.o" "../src/nor.c"
Finished building: ../src/nor.c
 
Building file: ../src/pcap.c
Invoking: ARM gcc compiler
arm-xilinx-eabi-gcc -Wall -O2 -c -fmessage-length=0 -I../../fsbl_bsp/ps7_cortexa9_0/include -MMD -MP -MF"src/pcap.d" -MT"src/pcap.d" -o "src/pcap.o" "../src/pcap.c"
Finished building: ../src/pcap.c
 
Building file: ../src/ps7_init.c
Invoking: ARM gcc compiler
arm-xilinx-eabi-gcc -Wall -O2 -c -fmessage-length=0 -I../../fsbl_bsp/ps7_cortexa9_0/include -MMD -MP -MF"src/ps7_init.d" -MT"src/ps7_init.d" -o "src/ps7_init.o" "../src/ps7_init.c"
Finished building: ../src/ps7_init.c
 
Building file: ../src/qspi.c
Invoking: ARM gcc compiler
arm-xilinx-eabi-gcc -Wall -O2 -c -fmessage-length=0 -I../../fsbl_bsp/ps7_cortexa9_0/include -MMD -MP -MF"src/qspi.d" -MT"src/qspi.d" -o "src/qspi.o" "../src/qspi.c"
Finished building: ../src/qspi.c
 
Building file: ../src/rsa.c
Invoking: ARM gcc compiler
arm-xilinx-eabi-gcc -Wall -O2 -c -fmessage-length=0 -I../../fsbl_bsp/ps7_cortexa9_0/include -MMD -MP -MF"src/rsa.d" -MT"src/rsa.d" -o "src/rsa.o" "../src/rsa.c"
Finished building: ../src/rsa.c
 
Building file: ../src/sd.c
Invoking: ARM gcc compiler
arm-xilinx-eabi-gcc -Wall -O2 -c -fmessage-length=0 -I../../fsbl_bsp/ps7_cortexa9_0/include -MMD -MP -MF"src/sd.d" -MT"src/sd.d" -o "src/sd.o" "../src/sd.c"
Finished building: ../src/sd.c
 
Building target: fsbl.elf
Invoking: ARM gcc linker
arm-xilinx-eabi-gcc -L"/root/260214/fsbl/src" -Wl,-T -Wl,../src/lscript.ld -L../../fsbl_bsp/ps7_cortexa9_0/lib -o "fsbl.elf"  ./src/ddr_init.o ./src/ff.o ./src/fsbl_handoff.o ./src/fsbl_hooks.o ./src/image_mover.o ./src/main.o ./src/md5.o ./src/mmc.o ./src/nand.o ./src/nor.o ./src/pcap.o ./src/ps7_init.o ./src/qspi.o ./src/rsa.o ./src/sd.o   -lrsa -Wl,--start-group,-lxil,-lgcc,-lc,--end-group
Finished building target: fsbl.elf
 
Invoking: ARM Print Size
arm-xilinx-eabi-size fsbl.elf  |tee "fsbl.elf.size"
   text	   data	    bss	    dec	    hex	filename
  57064	  11352	  72500	 140916	  22674	fsbl.elf
Finished building: fsbl.elf.size
 
14:48:42 **** Auto Build of project fsbl_bsp ****
make -k all 
Finished building libraries
14:48:42 **** Auto Build of project device-tree_bsp_0 ****
make -k all 
libgen -hw ../hw_platform_0/system.xml\
	       -lp /root/PROJECT/XILINX/clock_test\
	       -pe ps7_cortexa9_0 \
	       -log libgen.log \
	       system.mss
libgen
Xilinx EDK 14.7 Build EDK_P.20131013
Copyright (c) 1995-2012 Xilinx, Inc.  All rights reserved.

Command Line: libgen -hw ../hw_platform_0/system.xml -lp
/root/PROJECT/XILINX/clock_test -pe ps7_cortexa9_0 -log libgen.log system.mss 


Staging source files.
Running DRCs.
#--------------------------------------
# device-tree BSP DRC...
#--------------------------------------
Running generate.
#--------------------------------------
# device-tree BSP generate...
#--------------------------------------
--- device tree generator version: v1.1 ---
generating xilinx.dts
Clock Port Summary:
acp_0.m00_axi_aclk connected to processing_system7_0_FCLK_CLK0:
    CLK_FREQ_HZ = 100000000
axi_bram_ctrl_0.s_axi_aclk connected to processing_system7_0_FCLK_CLK0:
    CLK_FREQ_HZ = 100000000
axi_cdma_0.m_axi_aclk connected to processing_system7_0_FCLK_CLK0:
    CLK_FREQ_HZ = 100000000
axi_cdma_0.s_axi_lite_aclk connected to processing_system7_0_FCLK_CLK0:
    CLK_FREQ_HZ = 100000000
axi_crossbar_0.aclk connected to processing_system7_0_FCLK_CLK0:
    CLK_FREQ_HZ = 100000000
axi_mem_intercon_m00_couplers_auto_pc.aclk connected to
processing_system7_0_FCLK_CLK0:
    CLK_FREQ_HZ = 100000000
axi_mem_intercon_m01_couplers_auto_ds.s_axi_aclk connected to
processing_system7_0_FCLK_CLK0:
    CLK_FREQ_HZ = 100000000
axi_mem_intercon_m01_couplers_auto_pc.aclk connected to
processing_system7_0_FCLK_CLK0:
    CLK_FREQ_HZ = 100000000
axi_mem_intercon_s00_couplers_auto_us.s_axi_aclk connected to
processing_system7_0_FCLK_CLK0:
    CLK_FREQ_HZ = 100000000
axi_mem_intercon_s01_couplers_auto_pc.aclk connected to
processing_system7_0_FCLK_CLK0:
    CLK_FREQ_HZ = 100000000
axi_mem_intercon_s01_couplers_auto_us.s_axi_aclk connected to
processing_system7_0_FCLK_CLK0:
    CLK_FREQ_HZ = 100000000
axi_mem_intercon_xbar.aclk connected to processing_system7_0_FCLK_CLK0:
    CLK_FREQ_HZ = 100000000
init_cdma_0.m00_axi_aclk connected to processing_system7_0_FCLK_CLK0:
    CLK_FREQ_HZ = 100000000
proc_sys_reset.slowest_sync_clk connected to processing_system7_0_FCLK_CLK0:
    CLK_FREQ_HZ = 100000000
processing_system7_0_axi_periph_s00_couplers_auto_pc.aclk connected to
processing_system7_0_FCLK_CLK0:
    CLK_FREQ_HZ = 100000000
processing_system7_0_axi_periph_xbar.aclk connected to
processing_system7_0_FCLK_CLK0:
    CLK_FREQ_HZ = 100000000
ps7_uart_1.S_AXI_ACLK connected to ps7_axi_interconnect_0_M_AXI_ACLK:
    CLK_FREQ_HZ = WARNING: no frequency found!
ps7_qspi_0.S_AXI_ACLK connected to ps7_axi_interconnect_0_M_AXI_ACLK:
    CLK_FREQ_HZ = WARNING: no frequency found!
ps7_qspi_linear_0.S_AXI_ACLK connected to ps7_axi_interconnect_0_M_AXI_ACLK:
    CLK_FREQ_HZ = WARNING: no frequency found!
ps7_axi_interconnect_0.M_AXI_ACLK connected to
ps7_axi_interconnect_0_M_AXI_ACLK:
    CLK_FREQ_HZ = WARNING: no frequency found!
ps7_cortexa9_0.M_AXI_DP_ACLK connected to
ps7_axi_interconnect_0_S_AXI_CTRL_ACLK:
    CLK_FREQ_HZ = WARNING: no frequency found!
ps7_cortexa9_1.M_AXI_DP_ACLK connected to
ps7_axi_interconnect_0_S_AXI_CTRL_ACLK:
    CLK_FREQ_HZ = WARNING: no frequency found!
ps7_ddr_0.S_AXI_ACLK connected to ps7_axi_interconnect_0_M_AXI_ACLK:
    CLK_FREQ_HZ = WARNING: no frequency found!
ps7_ethernet_0.S_AXI_ACLK connected to ps7_axi_interconnect_0_M_AXI_ACLK:
    CLK_FREQ_HZ = WARNING: no frequency found!
ps7_usb_0.S_AXI_ACLK connected to ps7_axi_interconnect_0_M_AXI_ACLK:
    CLK_FREQ_HZ = WARNING: no frequency found!
ps7_sd_0.S_AXI_ACLK connected to ps7_axi_interconnect_0_M_AXI_ACLK:
    CLK_FREQ_HZ = WARNING: no frequency found!
ps7_ttc_0.S_AXI_ACLK connected to ps7_axi_interconnect_0_M_AXI_ACLK:
    CLK_FREQ_HZ = WARNING: no frequency found!
ps7_gpio_0.S_AXI_ACLK connected to ps7_axi_interconnect_0_M_AXI_ACLK:
    CLK_FREQ_HZ = WARNING: no frequency found!
ps7_ddrc_0.S_AXI_ACLK connected to ps7_axi_interconnect_0_M_AXI_ACLK:
    CLK_FREQ_HZ = WARNING: no frequency found!
ps7_dev_cfg_0.S_AXI_ACLK connected to ps7_axi_interconnect_0_M_AXI_ACLK:
    CLK_FREQ_HZ = WARNING: no frequency found!
ps7_xadc_0.S_AXI_ACLK connected to ps7_axi_interconnect_0_M_AXI_ACLK:
    CLK_FREQ_HZ = WARNING: no frequency found!
ps7_ocmc_0.S_AXI_ACLK connected to ps7_axi_interconnect_0_M_AXI_ACLK:
    CLK_FREQ_HZ = WARNING: no frequency found!
ps7_coresight_comp_0.S_AXI_ACLK connected to ps7_axi_interconnect_0_M_AXI_ACLK:
    CLK_FREQ_HZ = WARNING: no frequency found!
ps7_gpv_0.S_AXI_ACLK connected to ps7_axi_interconnect_0_M_AXI_ACLK:
    CLK_FREQ_HZ = WARNING: no frequency found!
ps7_scuc_0.S_AXI_ACLK connected to ps7_axi_interconnect_0_M_AXI_ACLK:
    CLK_FREQ_HZ = WARNING: no frequency found!
ps7_globaltimer_0.S_AXI_ACLK connected to ps7_axi_interconnect_0_M_AXI_ACLK:
    CLK_FREQ_HZ = WARNING: no frequency found!
ps7_intc_dist_0.S_AXI_ACLK connected to ps7_axi_interconnect_0_M_AXI_ACLK:
    CLK_FREQ_HZ = WARNING: no frequency found!
ps7_l2cachec_0.S_AXI_ACLK connected to ps7_axi_interconnect_0_M_AXI_ACLK:
    CLK_FREQ_HZ = WARNING: no frequency found!
ps7_dma_s.S_AXI_ACLK connected to ps7_axi_interconnect_0_M_AXI_ACLK:
    CLK_FREQ_HZ = WARNING: no frequency found!
ps7_iop_bus_config_0.S_AXI_ACLK connected to ps7_axi_interconnect_0_M_AXI_ACLK:
    CLK_FREQ_HZ = WARNING: no frequency found!
ps7_ram_0.S_AXI_ACLK connected to ps7_axi_interconnect_0_M_AXI_ACLK:
    CLK_FREQ_HZ = WARNING: no frequency found!
ps7_ram_1.S_AXI_ACLK connected to ps7_axi_interconnect_0_M_AXI_ACLK:
    CLK_FREQ_HZ = WARNING: no frequency found!
ps7_scugic_0.S_AXI_ACLK connected to ps7_axi_interconnect_0_M_AXI_ACLK:
    CLK_FREQ_HZ = WARNING: no frequency found!
ps7_scutimer_0.S_AXI_ACLK connected to ps7_axi_interconnect_0_M_AXI_ACLK:
    CLK_FREQ_HZ = WARNING: no frequency found!
ps7_scuwdt_0.S_AXI_ACLK connected to ps7_axi_interconnect_0_M_AXI_ACLK:
    CLK_FREQ_HZ = WARNING: no frequency found!
ps7_slcr_0.S_AXI_ACLK connected to ps7_axi_interconnect_0_M_AXI_ACLK:
    CLK_FREQ_HZ = WARNING: no frequency found!
ps7_dma_ns.S_AXI_ACLK connected to ps7_axi_interconnect_0_M_AXI_ACLK:
    CLK_FREQ_HZ = WARNING: no frequency found!
ps7_afi_0.S_AXI_ACLK connected to ps7_axi_interconnect_0_M_AXI_ACLK:
    CLK_FREQ_HZ = WARNING: no frequency found!
ps7_afi_1.S_AXI_ACLK connected to ps7_axi_interconnect_0_M_AXI_ACLK:
    CLK_FREQ_HZ = WARNING: no frequency found!
ps7_afi_2.S_AXI_ACLK connected to ps7_axi_interconnect_0_M_AXI_ACLK:
    CLK_FREQ_HZ = WARNING: no frequency found!
ps7_afi_3.S_AXI_ACLK connected to ps7_axi_interconnect_0_M_AXI_ACLK:
    CLK_FREQ_HZ = WARNING: no frequency found!
IP connected to bus: ps7_axi_interconnect_0
-master M_AXI_DP ps7_axi_interconnect_0 ps7_cortexa9_0
-master M_AXI_DP ps7_axi_interconnect_0 ps7_cortexa9_1
-slave S_AXI ps7_axi_interconnect_0 ps7_uart_1
-slave S_AXI ps7_axi_interconnect_0 ps7_qspi_0
-slave S_AXI ps7_axi_interconnect_0 ps7_qspi_linear_0
-slave S_AXI ps7_axi_interconnect_0 ps7_ethernet_0
-slave S_AXI ps7_axi_interconnect_0 ps7_usb_0
-slave S_AXI ps7_axi_interconnect_0 ps7_sd_0
-slave S_AXI ps7_axi_interconnect_0 ps7_ttc_0
-slave S_AXI ps7_axi_interconnect_0 ps7_gpio_0
-slave S_AXI ps7_axi_interconnect_0 ps7_ddrc_0
-slave S_AXI ps7_axi_interconnect_0 ps7_dev_cfg_0
-slave S_AXI ps7_axi_interconnect_0 ps7_xadc_0
-slave S_AXI ps7_axi_interconnect_0 ps7_ocmc_0
-slave S_AXI ps7_axi_interconnect_0 ps7_coresight_comp_0
-slave S_AXI ps7_axi_interconnect_0 ps7_gpv_0
-slave S_AXI ps7_axi_interconnect_0 ps7_scuc_0
-slave S_AXI ps7_axi_interconnect_0 ps7_globaltimer_0
-slave S_AXI ps7_axi_interconnect_0 ps7_intc_dist_0
-slave S_AXI ps7_axi_interconnect_0 ps7_l2cachec_0
-slave S_AXI ps7_axi_interconnect_0 ps7_dma_s
-slave S_AXI ps7_axi_interconnect_0 ps7_iop_bus_config_0
-slave S_AXI ps7_axi_interconnect_0 ps7_ram_1
-slave S_AXI ps7_axi_interconnect_0 ps7_scugic_0
-slave S_AXI ps7_axi_interconnect_0 ps7_scutimer_0
-slave S_AXI ps7_axi_interconnect_0 ps7_scuwdt_0
-slave S_AXI ps7_axi_interconnect_0 ps7_slcr_0
-slave S_AXI ps7_axi_interconnect_0 ps7_dma_ns
-slave S_AXI ps7_axi_interconnect_0 ps7_afi_0
-slave S_AXI ps7_axi_interconnect_0 ps7_afi_1
-slave S_AXI ps7_axi_interconnect_0 ps7_afi_2
-slave S_AXI ps7_axi_interconnect_0 ps7_afi_3
-slave axi_bram_ctrl_0
-slave axi_cdma_0
-slave ps7_afi_0
IP 73614928 ps7_afi_0 is already appended - skip it
-slave ps7_afi_1
IP 73615328 ps7_afi_1 is already appended - skip it
-slave ps7_afi_2
IP 73615728 ps7_afi_2 is already appended - skip it
-slave ps7_afi_3
IP 73616128 ps7_afi_3 is already appended - skip it
-slave ps7_coresight_comp_0
IP 73413280 ps7_coresight_comp_0 is already appended - skip it
-slave ps7_ddr_0
-slave ps7_ddrc_0
IP 73411680 ps7_ddrc_0 is already appended - skip it
-slave ps7_dev_cfg_0
IP 73412080 ps7_dev_cfg_0 is already appended - skip it
-slave ps7_dma_ns
-slave ps7_dma_s
IP 73611328 ps7_dma_s is already appended - skip it
-slave ps7_ethernet_0
IP 73409680 ps7_ethernet_0 is already appended - skip it
-slave ps7_globaltimer_0
IP 73414480 ps7_globaltimer_0 is already appended - skip it
-slave ps7_gpio_0
IP 73411280 ps7_gpio_0 is already appended - skip it
-slave ps7_gpv_0
IP 73413680 ps7_gpv_0 is already appended - skip it
-slave ps7_intc_dist_0
IP 73414880 ps7_intc_dist_0 is already appended - skip it
-slave ps7_iop_bus_config_0
IP 73611728 ps7_iop_bus_config_0 is already appended - skip it
-slave ps7_l2cachec_0
IP 73415280 ps7_l2cachec_0 is already appended - skip it
-slave ps7_ocmc_0
IP 73412880 ps7_ocmc_0 is already appended - skip it
-slave ps7_qspi_0
IP 73407680 ps7_qspi_0 is already appended - skip it
-slave ps7_qspi_linear_0
IP 73408080 ps7_qspi_linear_0 is already appended - skip it
-slave ps7_ram_0
-slave ps7_ram_1
IP 73612528 ps7_ram_1 is already appended - skip it
-slave ps7_scuc_0
IP 73414080 ps7_scuc_0 is already appended - skip it
-slave ps7_scugic_0
IP 73612928 ps7_scugic_0 is already appended - skip it
-slave ps7_scutimer_0
IP 73613328 ps7_scutimer_0 is already appended - skip it
-slave ps7_scuwdt_0
IP 73613728 ps7_scuwdt_0 is already appended - skip it
-slave ps7_sd_0
IP 73410480 ps7_sd_0 is already appended - skip it
-slave ps7_slcr_0
IP 73614128 ps7_slcr_0 is already appended - skip it
-slave ps7_ttc_0
IP 73410880 ps7_ttc_0 is already appended - skip it
-slave ps7_uart_1
IP 73407280 ps7_uart_1 is already appended - skip it
-slave ps7_usb_0
IP 73410080 ps7_usb_0 is already appended - skip it
-slave ps7_xadc_0
IP 73412480 ps7_xadc_0 is already appended - skip it
ps7_ocmc_0
ps7_coresight_comp_0
ps7_gpv_0
ps7_scuc_0
ps7_globaltimer_0
ps7_intc_dist_0
ps7_l2cachec_0
ps7_afi_0
ps7_afi_1
ps7_afi_2
ps7_afi_3
{serial0 aliasref ps7_uart_1 0} {spi0 aliasref ps7_qspi_0 0} {ethernet0 aliasref
ps7_ethernet_0 0}
Running post_generate.
Running execs_generate.
Finished building libraries
14:48:49 **** Auto Build of configuration Release for project fsbl ****
make all 
Building file: ../src/ps7_init.c
Invoking: ARM gcc compiler
arm-xilinx-eabi-gcc -Wall -O2 -c -fmessage-length=0 -I../../fsbl_bsp/ps7_cortexa9_0/include -MMD -MP -MF"src/ps7_init.d" -MT"src/ps7_init.d" -o "src/ps7_init.o" "../src/ps7_init.c"
Finished building: ../src/ps7_init.c
 
Building target: fsbl.elf
Invoking: ARM gcc linker
arm-xilinx-eabi-gcc -L"/root/260214/fsbl/src" -Wl,-T -Wl,../src/lscript.ld -L../../fsbl_bsp/ps7_cortexa9_0/lib -o "fsbl.elf"  ./src/ddr_init.o ./src/ff.o ./src/fsbl_handoff.o ./src/fsbl_hooks.o ./src/image_mover.o ./src/main.o ./src/md5.o ./src/mmc.o ./src/nand.o ./src/nor.o ./src/pcap.o ./src/ps7_init.o ./src/qspi.o ./src/rsa.o ./src/sd.o   -lrsa -Wl,--start-group,-lxil,-lgcc,-lc,--end-group
Finished building target: fsbl.elf
 
Invoking: ARM Print Size
arm-xilinx-eabi-size fsbl.elf  |tee "fsbl.elf.size"
   text	   data	    bss	    dec	    hex	filename
  57064	  11352	  72500	 140916	  22674	fsbl.elf
Finished building: fsbl.elf.size
 
14:48:50 **** Clean-only build of project device-tree_bsp_0 ****
make -k clean 
rm -rf ps7_cortexa9_0
14:48:50 **** Clean-only build of project fsbl_bsp ****
make -k clean 
rm -rf ps7_cortexa9_0
14:48:50 **** Clean-only build of configuration Release for project fsbl ****
make clean 
rm -rf  ./src/ddr_init.o ./src/ff.o ./src/fsbl_handoff.o ./src/fsbl_hooks.o ./src/image_mover.o ./src/main.o ./src/md5.o ./src/mmc.o ./src/nand.o ./src/nor.o ./src/pcap.o ./src/ps7_init.o ./src/qspi.o ./src/rsa.o ./src/sd.o  ./src/ddr_init.d ./src/ff.d ./src/fsbl_hooks.d ./src/image_mover.d ./src/main.d ./src/md5.d ./src/mmc.d ./src/nand.d ./src/nor.d ./src/pcap.d ./src/ps7_init.d ./src/qspi.d ./src/rsa.d ./src/sd.d  fsbl.elf.size  ./src/fsbl_handoff.d  fsbl.elf
 
14:48:51 **** Build of project fsbl_bsp ****
make -k all 
libgen -hw ../hw_platform_0/system.xml\
	       -lp /root/PROJECT/XILINX/clock_test\
	       -pe ps7_cortexa9_0 \
	       -log libgen.log \
	       system.mss
libgen
Xilinx EDK 14.7 Build EDK_P.20131013
Copyright (c) 1995-2012 Xilinx, Inc.  All rights reserved.

Command Line: libgen -hw ../hw_platform_0/system.xml -lp
/root/PROJECT/XILINX/clock_test -pe ps7_cortexa9_0 -log libgen.log system.mss 


Staging source files.
Running DRCs.
Running generate.
Running post_generate.
Running include - 'gmake -s include "COMPILER=arm-xilinx-eabi-gcc"
"ARCHIVER=arm-xilinx-eabi-ar" "COMPILER_FLAGS= -O2 -c"
"EXTRA_COMPILER_FLAGS=-g"'.

Running libs - 'gmake -s libs "COMPILER=arm-xilinx-eabi-gcc"
"ARCHIVER=arm-xilinx-eabi-ar" "COMPILER_FLAGS= -O2 -c"
"EXTRA_COMPILER_FLAGS=-g"'.
Compiling common
arm-xilinx-eabi-ar: creating ../../../lib/libxil.a
Compiling standalone
Compiling bram
Compiling axicdma
Compiling devcfg
Compiling dmaps
Compiling emacps
Compiling gpiops
Compiling qspips
Compiling scugic
Compiling scutimer
Compiling scuwdt
Compiling ttcps
Compiling uartps
Compiling usbps
Compiling xadcps
Compiling cpu_cortexa9
Running execs_generate.
Finished building libraries
14:49:09 **** Build of configuration Release for project fsbl ****
make all 
Building file: ../src/ddr_init.c
Invoking: ARM gcc compiler
arm-xilinx-eabi-gcc -Wall -O2 -c -fmessage-length=0 -I../../fsbl_bsp/ps7_cortexa9_0/include -MMD -MP -MF"src/ddr_init.d" -MT"src/ddr_init.d" -o "src/ddr_init.o" "../src/ddr_init.c"
Finished building: ../src/ddr_init.c
 
Building file: ../src/ff.c
Invoking: ARM gcc compiler
arm-xilinx-eabi-gcc -Wall -O2 -c -fmessage-length=0 -I../../fsbl_bsp/ps7_cortexa9_0/include -MMD -MP -MF"src/ff.d" -MT"src/ff.d" -o "src/ff.o" "../src/ff.c"
Finished building: ../src/ff.c
 
Building file: ../src/fsbl_handoff.S
Invoking: ARM gcc compiler
arm-xilinx-eabi-gcc -Wall -O2 -c -fmessage-length=0 -I../../fsbl_bsp/ps7_cortexa9_0/include -MMD -MP -MF"src/fsbl_handoff.d" -MT"src/fsbl_handoff.d" -o "src/fsbl_handoff.o" "../src/fsbl_handoff.S"
Finished building: ../src/fsbl_handoff.S
 
Building file: ../src/fsbl_hooks.c
Invoking: ARM gcc compiler
arm-xilinx-eabi-gcc -Wall -O2 -c -fmessage-length=0 -I../../fsbl_bsp/ps7_cortexa9_0/include -MMD -MP -MF"src/fsbl_hooks.d" -MT"src/fsbl_hooks.d" -o "src/fsbl_hooks.o" "../src/fsbl_hooks.c"
Finished building: ../src/fsbl_hooks.c
 
Building file: ../src/image_mover.c
Invoking: ARM gcc compiler
arm-xilinx-eabi-gcc -Wall -O2 -c -fmessage-length=0 -I../../fsbl_bsp/ps7_cortexa9_0/include -MMD -MP -MF"src/image_mover.d" -MT"src/image_mover.d" -o "src/image_mover.o" "../src/image_mover.c"
Finished building: ../src/image_mover.c
 
Building file: ../src/main.c
Invoking: ARM gcc compiler
arm-xilinx-eabi-gcc -Wall -O2 -c -fmessage-length=0 -I../../fsbl_bsp/ps7_cortexa9_0/include -MMD -MP -MF"src/main.d" -MT"src/main.d" -o "src/main.o" "../src/main.c"
Finished building: ../src/main.c
 
Building file: ../src/md5.c
Invoking: ARM gcc compiler
arm-xilinx-eabi-gcc -Wall -O2 -c -fmessage-length=0 -I../../fsbl_bsp/ps7_cortexa9_0/include -MMD -MP -MF"src/md5.d" -MT"src/md5.d" -o "src/md5.o" "../src/md5.c"
../src/md5.c: In function 'MD5Final':
../src/md5.c:445:2: warning: dereferencing type-punned pointer will break strict-aliasing rules [-Wstrict-aliasing]
../src/md5.c:446:2: warning: dereferencing type-punned pointer will break strict-aliasing rules [-Wstrict-aliasing]
Finished building: ../src/md5.c
 
Building file: ../src/mmc.c
Invoking: ARM gcc compiler
arm-xilinx-eabi-gcc -Wall -O2 -c -fmessage-length=0 -I../../fsbl_bsp/ps7_cortexa9_0/include -MMD -MP -MF"src/mmc.d" -MT"src/mmc.d" -o "src/mmc.o" "../src/mmc.c"
Finished building: ../src/mmc.c
 
Building file: ../src/nand.c
Invoking: ARM gcc compiler
arm-xilinx-eabi-gcc -Wall -O2 -c -fmessage-length=0 -I../../fsbl_bsp/ps7_cortexa9_0/include -MMD -MP -MF"src/nand.d" -MT"src/nand.d" -o "src/nand.o" "../src/nand.c"
Finished building: ../src/nand.c
 
Building file: ../src/nor.c
Invoking: ARM gcc compiler
arm-xilinx-eabi-gcc -Wall -O2 -c -fmessage-length=0 -I../../fsbl_bsp/ps7_cortexa9_0/include -MMD -MP -MF"src/nor.d" -MT"src/nor.d" -o "src/nor.o" "../src/nor.c"
Finished building: ../src/nor.c
 
Building file: ../src/pcap.c
Invoking: ARM gcc compiler
arm-xilinx-eabi-gcc -Wall -O2 -c -fmessage-length=0 -I../../fsbl_bsp/ps7_cortexa9_0/include -MMD -MP -MF"src/pcap.d" -MT"src/pcap.d" -o "src/pcap.o" "../src/pcap.c"
Finished building: ../src/pcap.c
 
Building file: ../src/ps7_init.c
Invoking: ARM gcc compiler
arm-xilinx-eabi-gcc -Wall -O2 -c -fmessage-length=0 -I../../fsbl_bsp/ps7_cortexa9_0/include -MMD -MP -MF"src/ps7_init.d" -MT"src/ps7_init.d" -o "src/ps7_init.o" "../src/ps7_init.c"
Finished building: ../src/ps7_init.c
 
Building file: ../src/qspi.c
Invoking: ARM gcc compiler
arm-xilinx-eabi-gcc -Wall -O2 -c -fmessage-length=0 -I../../fsbl_bsp/ps7_cortexa9_0/include -MMD -MP -MF"src/qspi.d" -MT"src/qspi.d" -o "src/qspi.o" "../src/qspi.c"
Finished building: ../src/qspi.c
 
Building file: ../src/rsa.c
Invoking: ARM gcc compiler
arm-xilinx-eabi-gcc -Wall -O2 -c -fmessage-length=0 -I../../fsbl_bsp/ps7_cortexa9_0/include -MMD -MP -MF"src/rsa.d" -MT"src/rsa.d" -o "src/rsa.o" "../src/rsa.c"
Finished building: ../src/rsa.c
 
Building file: ../src/sd.c
Invoking: ARM gcc compiler
arm-xilinx-eabi-gcc -Wall -O2 -c -fmessage-length=0 -I../../fsbl_bsp/ps7_cortexa9_0/include -MMD -MP -MF"src/sd.d" -MT"src/sd.d" -o "src/sd.o" "../src/sd.c"
Finished building: ../src/sd.c
 
Building target: fsbl.elf
Invoking: ARM gcc linker
arm-xilinx-eabi-gcc -L"/root/260214/fsbl/src" -Wl,-T -Wl,../src/lscript.ld -L../../fsbl_bsp/ps7_cortexa9_0/lib -o "fsbl.elf"  ./src/ddr_init.o ./src/ff.o ./src/fsbl_handoff.o ./src/fsbl_hooks.o ./src/image_mover.o ./src/main.o ./src/md5.o ./src/mmc.o ./src/nand.o ./src/nor.o ./src/pcap.o ./src/ps7_init.o ./src/qspi.o ./src/rsa.o ./src/sd.o   -lrsa -Wl,--start-group,-lxil,-lgcc,-lc,--end-group
Finished building target: fsbl.elf
 
Invoking: ARM Print Size
arm-xilinx-eabi-size fsbl.elf  |tee "fsbl.elf.size"
   text	   data	    bss	    dec	    hex	filename
  57064	  11352	  72500	 140916	  22674	fsbl.elf
Finished building: fsbl.elf.size
 
14:49:11 **** Build of project device-tree_bsp_0 ****
make -k all 
libgen -hw ../hw_platform_0/system.xml\
	       -lp /root/PROJECT/XILINX/clock_test\
	       -pe ps7_cortexa9_0 \
	       -log libgen.log \
	       system.mss
libgen
Xilinx EDK 14.7 Build EDK_P.20131013
Copyright (c) 1995-2012 Xilinx, Inc.  All rights reserved.

Command Line: libgen -hw ../hw_platform_0/system.xml -lp
/root/PROJECT/XILINX/clock_test -pe ps7_cortexa9_0 -log libgen.log system.mss 


Staging source files.
Running DRCs.
#--------------------------------------
# device-tree BSP DRC...
#--------------------------------------
Running generate.
#--------------------------------------
# device-tree BSP generate...
#--------------------------------------
--- device tree generator version: v1.1 ---
generating xilinx.dts
Clock Port Summary:
acp_0.m00_axi_aclk connected to processing_system7_0_FCLK_CLK0:
    CLK_FREQ_HZ = 100000000
axi_bram_ctrl_0.s_axi_aclk connected to processing_system7_0_FCLK_CLK0:
    CLK_FREQ_HZ = 100000000
axi_cdma_0.m_axi_aclk connected to processing_system7_0_FCLK_CLK0:
    CLK_FREQ_HZ = 100000000
axi_cdma_0.s_axi_lite_aclk connected to processing_system7_0_FCLK_CLK0:
    CLK_FREQ_HZ = 100000000
axi_crossbar_0.aclk connected to processing_system7_0_FCLK_CLK0:
    CLK_FREQ_HZ = 100000000
axi_mem_intercon_m00_couplers_auto_pc.aclk connected to
processing_system7_0_FCLK_CLK0:
    CLK_FREQ_HZ = 100000000
axi_mem_intercon_m01_couplers_auto_ds.s_axi_aclk connected to
processing_system7_0_FCLK_CLK0:
    CLK_FREQ_HZ = 100000000
axi_mem_intercon_m01_couplers_auto_pc.aclk connected to
processing_system7_0_FCLK_CLK0:
    CLK_FREQ_HZ = 100000000
axi_mem_intercon_s00_couplers_auto_us.s_axi_aclk connected to
processing_system7_0_FCLK_CLK0:
    CLK_FREQ_HZ = 100000000
axi_mem_intercon_s01_couplers_auto_pc.aclk connected to
processing_system7_0_FCLK_CLK0:
    CLK_FREQ_HZ = 100000000
axi_mem_intercon_s01_couplers_auto_us.s_axi_aclk connected to
processing_system7_0_FCLK_CLK0:
    CLK_FREQ_HZ = 100000000
axi_mem_intercon_xbar.aclk connected to processing_system7_0_FCLK_CLK0:
    CLK_FREQ_HZ = 100000000
init_cdma_0.m00_axi_aclk connected to processing_system7_0_FCLK_CLK0:
    CLK_FREQ_HZ = 100000000
proc_sys_reset.slowest_sync_clk connected to processing_system7_0_FCLK_CLK0:
    CLK_FREQ_HZ = 100000000
processing_system7_0_axi_periph_s00_couplers_auto_pc.aclk connected to
processing_system7_0_FCLK_CLK0:
    CLK_FREQ_HZ = 100000000
processing_system7_0_axi_periph_xbar.aclk connected to
processing_system7_0_FCLK_CLK0:
    CLK_FREQ_HZ = 100000000
ps7_uart_1.S_AXI_ACLK connected to ps7_axi_interconnect_0_M_AXI_ACLK:
    CLK_FREQ_HZ = WARNING: no frequency found!
ps7_qspi_0.S_AXI_ACLK connected to ps7_axi_interconnect_0_M_AXI_ACLK:
    CLK_FREQ_HZ = WARNING: no frequency found!
ps7_qspi_linear_0.S_AXI_ACLK connected to ps7_axi_interconnect_0_M_AXI_ACLK:
    CLK_FREQ_HZ = WARNING: no frequency found!
ps7_axi_interconnect_0.M_AXI_ACLK connected to
ps7_axi_interconnect_0_M_AXI_ACLK:
    CLK_FREQ_HZ = WARNING: no frequency found!
ps7_cortexa9_0.M_AXI_DP_ACLK connected to
ps7_axi_interconnect_0_S_AXI_CTRL_ACLK:
    CLK_FREQ_HZ = WARNING: no frequency found!
ps7_cortexa9_1.M_AXI_DP_ACLK connected to
ps7_axi_interconnect_0_S_AXI_CTRL_ACLK:
    CLK_FREQ_HZ = WARNING: no frequency found!
ps7_ddr_0.S_AXI_ACLK connected to ps7_axi_interconnect_0_M_AXI_ACLK:
    CLK_FREQ_HZ = WARNING: no frequency found!
ps7_ethernet_0.S_AXI_ACLK connected to ps7_axi_interconnect_0_M_AXI_ACLK:
    CLK_FREQ_HZ = WARNING: no frequency found!
ps7_usb_0.S_AXI_ACLK connected to ps7_axi_interconnect_0_M_AXI_ACLK:
    CLK_FREQ_HZ = WARNING: no frequency found!
ps7_sd_0.S_AXI_ACLK connected to ps7_axi_interconnect_0_M_AXI_ACLK:
    CLK_FREQ_HZ = WARNING: no frequency found!
ps7_ttc_0.S_AXI_ACLK connected to ps7_axi_interconnect_0_M_AXI_ACLK:
    CLK_FREQ_HZ = WARNING: no frequency found!
ps7_gpio_0.S_AXI_ACLK connected to ps7_axi_interconnect_0_M_AXI_ACLK:
    CLK_FREQ_HZ = WARNING: no frequency found!
ps7_ddrc_0.S_AXI_ACLK connected to ps7_axi_interconnect_0_M_AXI_ACLK:
    CLK_FREQ_HZ = WARNING: no frequency found!
ps7_dev_cfg_0.S_AXI_ACLK connected to ps7_axi_interconnect_0_M_AXI_ACLK:
    CLK_FREQ_HZ = WARNING: no frequency found!
ps7_xadc_0.S_AXI_ACLK connected to ps7_axi_interconnect_0_M_AXI_ACLK:
    CLK_FREQ_HZ = WARNING: no frequency found!
ps7_ocmc_0.S_AXI_ACLK connected to ps7_axi_interconnect_0_M_AXI_ACLK:
    CLK_FREQ_HZ = WARNING: no frequency found!
ps7_coresight_comp_0.S_AXI_ACLK connected to ps7_axi_interconnect_0_M_AXI_ACLK:
    CLK_FREQ_HZ = WARNING: no frequency found!
ps7_gpv_0.S_AXI_ACLK connected to ps7_axi_interconnect_0_M_AXI_ACLK:
    CLK_FREQ_HZ = WARNING: no frequency found!
ps7_scuc_0.S_AXI_ACLK connected to ps7_axi_interconnect_0_M_AXI_ACLK:
    CLK_FREQ_HZ = WARNING: no frequency found!
ps7_globaltimer_0.S_AXI_ACLK connected to ps7_axi_interconnect_0_M_AXI_ACLK:
    CLK_FREQ_HZ = WARNING: no frequency found!
ps7_intc_dist_0.S_AXI_ACLK connected to ps7_axi_interconnect_0_M_AXI_ACLK:
    CLK_FREQ_HZ = WARNING: no frequency found!
ps7_l2cachec_0.S_AXI_ACLK connected to ps7_axi_interconnect_0_M_AXI_ACLK:
    CLK_FREQ_HZ = WARNING: no frequency found!
ps7_dma_s.S_AXI_ACLK connected to ps7_axi_interconnect_0_M_AXI_ACLK:
    CLK_FREQ_HZ = WARNING: no frequency found!
ps7_iop_bus_config_0.S_AXI_ACLK connected to ps7_axi_interconnect_0_M_AXI_ACLK:
    CLK_FREQ_HZ = WARNING: no frequency found!
ps7_ram_0.S_AXI_ACLK connected to ps7_axi_interconnect_0_M_AXI_ACLK:
    CLK_FREQ_HZ = WARNING: no frequency found!
ps7_ram_1.S_AXI_ACLK connected to ps7_axi_interconnect_0_M_AXI_ACLK:
    CLK_FREQ_HZ = WARNING: no frequency found!
ps7_scugic_0.S_AXI_ACLK connected to ps7_axi_interconnect_0_M_AXI_ACLK:
    CLK_FREQ_HZ = WARNING: no frequency found!
ps7_scutimer_0.S_AXI_ACLK connected to ps7_axi_interconnect_0_M_AXI_ACLK:
    CLK_FREQ_HZ = WARNING: no frequency found!
ps7_scuwdt_0.S_AXI_ACLK connected to ps7_axi_interconnect_0_M_AXI_ACLK:
    CLK_FREQ_HZ = WARNING: no frequency found!
ps7_slcr_0.S_AXI_ACLK connected to ps7_axi_interconnect_0_M_AXI_ACLK:
    CLK_FREQ_HZ = WARNING: no frequency found!
ps7_dma_ns.S_AXI_ACLK connected to ps7_axi_interconnect_0_M_AXI_ACLK:
    CLK_FREQ_HZ = WARNING: no frequency found!
ps7_afi_0.S_AXI_ACLK connected to ps7_axi_interconnect_0_M_AXI_ACLK:
    CLK_FREQ_HZ = WARNING: no frequency found!
ps7_afi_1.S_AXI_ACLK connected to ps7_axi_interconnect_0_M_AXI_ACLK:
    CLK_FREQ_HZ = WARNING: no frequency found!
ps7_afi_2.S_AXI_ACLK connected to ps7_axi_interconnect_0_M_AXI_ACLK:
    CLK_FREQ_HZ = WARNING: no frequency found!
ps7_afi_3.S_AXI_ACLK connected to ps7_axi_interconnect_0_M_AXI_ACLK:
    CLK_FREQ_HZ = WARNING: no frequency found!
IP connected to bus: ps7_axi_interconnect_0
-master M_AXI_DP ps7_axi_interconnect_0 ps7_cortexa9_0
-master M_AXI_DP ps7_axi_interconnect_0 ps7_cortexa9_1
-slave S_AXI ps7_axi_interconnect_0 ps7_uart_1
-slave S_AXI ps7_axi_interconnect_0 ps7_qspi_0
-slave S_AXI ps7_axi_interconnect_0 ps7_qspi_linear_0
-slave S_AXI ps7_axi_interconnect_0 ps7_ethernet_0
-slave S_AXI ps7_axi_interconnect_0 ps7_usb_0
-slave S_AXI ps7_axi_interconnect_0 ps7_sd_0
-slave S_AXI ps7_axi_interconnect_0 ps7_ttc_0
-slave S_AXI ps7_axi_interconnect_0 ps7_gpio_0
-slave S_AXI ps7_axi_interconnect_0 ps7_ddrc_0
-slave S_AXI ps7_axi_interconnect_0 ps7_dev_cfg_0
-slave S_AXI ps7_axi_interconnect_0 ps7_xadc_0
-slave S_AXI ps7_axi_interconnect_0 ps7_ocmc_0
-slave S_AXI ps7_axi_interconnect_0 ps7_coresight_comp_0
-slave S_AXI ps7_axi_interconnect_0 ps7_gpv_0
-slave S_AXI ps7_axi_interconnect_0 ps7_scuc_0
-slave S_AXI ps7_axi_interconnect_0 ps7_globaltimer_0
-slave S_AXI ps7_axi_interconnect_0 ps7_intc_dist_0
-slave S_AXI ps7_axi_interconnect_0 ps7_l2cachec_0
-slave S_AXI ps7_axi_interconnect_0 ps7_dma_s
-slave S_AXI ps7_axi_interconnect_0 ps7_iop_bus_config_0
-slave S_AXI ps7_axi_interconnect_0 ps7_ram_1
-slave S_AXI ps7_axi_interconnect_0 ps7_scugic_0
-slave S_AXI ps7_axi_interconnect_0 ps7_scutimer_0
-slave S_AXI ps7_axi_interconnect_0 ps7_scuwdt_0
-slave S_AXI ps7_axi_interconnect_0 ps7_slcr_0
-slave S_AXI ps7_axi_interconnect_0 ps7_dma_ns
-slave S_AXI ps7_axi_interconnect_0 ps7_afi_0
-slave S_AXI ps7_axi_interconnect_0 ps7_afi_1
-slave S_AXI ps7_axi_interconnect_0 ps7_afi_2
-slave S_AXI ps7_axi_interconnect_0 ps7_afi_3
-slave axi_bram_ctrl_0
-slave axi_cdma_0
-slave ps7_afi_0
IP 47464736 ps7_afi_0 is already appended - skip it
-slave ps7_afi_1
IP 47465136 ps7_afi_1 is already appended - skip it
-slave ps7_afi_2
IP 47465536 ps7_afi_2 is already appended - skip it
-slave ps7_afi_3
IP 47465936 ps7_afi_3 is already appended - skip it
-slave ps7_coresight_comp_0
IP 47458736 ps7_coresight_comp_0 is already appended - skip it
-slave ps7_ddr_0
-slave ps7_ddrc_0
IP 47457136 ps7_ddrc_0 is already appended - skip it
-slave ps7_dev_cfg_0
IP 47457536 ps7_dev_cfg_0 is already appended - skip it
-slave ps7_dma_ns
-slave ps7_dma_s
IP 47461136 ps7_dma_s is already appended - skip it
-slave ps7_ethernet_0
IP 47797328 ps7_ethernet_0 is already appended - skip it
-slave ps7_globaltimer_0
IP 47459936 ps7_globaltimer_0 is already appended - skip it
-slave ps7_gpio_0
IP 47454896 ps7_gpio_0 is already appended - skip it
-slave ps7_gpv_0
IP 47459136 ps7_gpv_0 is already appended - skip it
-slave ps7_intc_dist_0
IP 47460336 ps7_intc_dist_0 is already appended - skip it
-slave ps7_iop_bus_config_0
IP 47461536 ps7_iop_bus_config_0 is already appended - skip it
-slave ps7_l2cachec_0
IP 47460736 ps7_l2cachec_0 is already appended - skip it
-slave ps7_ocmc_0
IP 47458336 ps7_ocmc_0 is already appended - skip it
-slave ps7_qspi_0
IP 47795328 ps7_qspi_0 is already appended - skip it
-slave ps7_qspi_linear_0
IP 47795728 ps7_qspi_linear_0 is already appended - skip it
-slave ps7_ram_0
-slave ps7_ram_1
IP 47462336 ps7_ram_1 is already appended - skip it
-slave ps7_scuc_0
IP 47459536 ps7_scuc_0 is already appended - skip it
-slave ps7_scugic_0
IP 47462736 ps7_scugic_0 is already appended - skip it
-slave ps7_scutimer_0
IP 47463136 ps7_scutimer_0 is already appended - skip it
-slave ps7_scuwdt_0
IP 47463536 ps7_scuwdt_0 is already appended - skip it
-slave ps7_sd_0
IP 47798128 ps7_sd_0 is already appended - skip it
-slave ps7_slcr_0
IP 47463936 ps7_slcr_0 is already appended - skip it
-slave ps7_ttc_0
IP 47798528 ps7_ttc_0 is already appended - skip it
-slave ps7_uart_1
IP 47794928 ps7_uart_1 is already appended - skip it
-slave ps7_usb_0
IP 47797728 ps7_usb_0 is already appended - skip it
-slave ps7_xadc_0
IP 47457936 ps7_xadc_0 is already appended - skip it
ps7_ocmc_0
ps7_coresight_comp_0
ps7_gpv_0
ps7_scuc_0
ps7_globaltimer_0
ps7_intc_dist_0
ps7_l2cachec_0
ps7_afi_0
ps7_afi_1
ps7_afi_2
ps7_afi_3
{serial0 aliasref ps7_uart_1 0} {spi0 aliasref ps7_qspi_0 0} {ethernet0 aliasref
ps7_ethernet_0 0}
Running post_generate.
Running execs_generate.
Finished building libraries
16:09:45 **** Auto Build of project fsbl_bsp ****
make -k all 
Finished building libraries
16:09:45 **** Auto Build of project device-tree_bsp_0 ****
make -k all 
libgen -hw ../hw_platform_0/system.xml\
	       -lp /root/PROJECT/XILINX/clock_test\
	       -pe ps7_cortexa9_0 \
	       -log libgen.log \
	       system.mss
make: *** [ps7_cortexa9_0/lib/libxil.a] Terminated
Command canceled
16:09:48 **** Build of project device-tree_bsp_0 ****
make -k all 
libgen -hw ../hw_platform_0/system.xml\
	       -lp /root/PROJECT/XILINX/clock_test\
	       -pe ps7_cortexa9_0 \
	       -log libgen.log \
	       system.mss
libgen
Xilinx EDK 14.7 Build EDK_P.20131013
Copyright (c) 1995-2012 Xilinx, Inc.  All rights reserved.

Command Line: libgen -hw ../hw_platform_0/system.xml -lp
/root/PROJECT/XILINX/clock_test -pe ps7_cortexa9_0 -log libgen.log system.mss 


Staging source files.
Running DRCs.
#--------------------------------------
# device-tree BSP DRC...
#--------------------------------------
Running generate.
#--------------------------------------
# device-tree BSP generate...
#--------------------------------------
--- device tree generator version: v1.1 ---
generating xilinx.dts
Clock Port Summary:
acp_0.m00_axi_aclk connected to processing_system7_0_FCLK_CLK0:
    CLK_FREQ_HZ = 100000000
axi_bram_ctrl_0.s_axi_aclk connected to processing_system7_0_FCLK_CLK0:
    CLK_FREQ_HZ = 100000000
axi_cdma_0.m_axi_aclk connected to processing_system7_0_FCLK_CLK0:
    CLK_FREQ_HZ = 100000000
axi_cdma_0.s_axi_lite_aclk connected to processing_system7_0_FCLK_CLK0:
    CLK_FREQ_HZ = 100000000
axi_crossbar_0.aclk connected to processing_system7_0_FCLK_CLK0:
    CLK_FREQ_HZ = 100000000
axi_mem_intercon_m00_couplers_auto_pc.aclk connected to
processing_system7_0_FCLK_CLK0:
    CLK_FREQ_HZ = 100000000
axi_mem_intercon_m01_couplers_auto_ds.s_axi_aclk connected to
processing_system7_0_FCLK_CLK0:
    CLK_FREQ_HZ = 100000000
axi_mem_intercon_m01_couplers_auto_pc.aclk connected to
processing_system7_0_FCLK_CLK0:
    CLK_FREQ_HZ = 100000000
axi_mem_intercon_s00_couplers_auto_us.s_axi_aclk connected to
processing_system7_0_FCLK_CLK0:
    CLK_FREQ_HZ = 100000000
axi_mem_intercon_s01_couplers_auto_pc.aclk connected to
[...]
    CLK_FREQ_HZ = WARNING: no frequency found!
ps7_l2cachec_0.S_AXI_ACLK connected to ps7_axi_interconnect_0_M_AXI_ACLK:
    CLK_FREQ_HZ = WARNING: no frequency found!
ps7_dma_s.S_AXI_ACLK connected to ps7_axi_interconnect_0_M_AXI_ACLK:
    CLK_FREQ_HZ = WARNING: no frequency found!
ps7_iop_bus_config_0.S_AXI_ACLK connected to ps7_axi_interconnect_0_M_AXI_ACLK:
    CLK_FREQ_HZ = WARNING: no frequency found!
ps7_ram_0.S_AXI_ACLK connected to ps7_axi_interconnect_0_M_AXI_ACLK:
    CLK_FREQ_HZ = WARNING: no frequency found!
ps7_ram_1.S_AXI_ACLK connected to ps7_axi_interconnect_0_M_AXI_ACLK:
    CLK_FREQ_HZ = WARNING: no frequency found!
ps7_scugic_0.S_AXI_ACLK connected to ps7_axi_interconnect_0_M_AXI_ACLK:
    CLK_FREQ_HZ = WARNING: no frequency found!
ps7_scutimer_0.S_AXI_ACLK connected to ps7_axi_interconnect_0_M_AXI_ACLK:
    CLK_FREQ_HZ = WARNING: no frequency found!
ps7_scuwdt_0.S_AXI_ACLK connected to ps7_axi_interconnect_0_M_AXI_ACLK:
    CLK_FREQ_HZ = WARNING: no frequency found!
ps7_slcr_0.S_AXI_ACLK connected to ps7_axi_interconnect_0_M_AXI_ACLK:
    CLK_FREQ_HZ = WARNING: no frequency found!
ps7_dma_ns.S_AXI_ACLK connected to ps7_axi_interconnect_0_M_AXI_ACLK:
    CLK_FREQ_HZ = WARNING: no frequency found!
ps7_afi_0.S_AXI_ACLK connected to ps7_axi_interconnect_0_M_AXI_ACLK:
    CLK_FREQ_HZ = WARNING: no frequency found!
ps7_afi_1.S_AXI_ACLK connected to ps7_axi_interconnect_0_M_AXI_ACLK:
    CLK_FREQ_HZ = WARNING: no frequency found!
ps7_afi_2.S_AXI_ACLK connected to ps7_axi_interconnect_0_M_AXI_ACLK:
    CLK_FREQ_HZ = WARNING: no frequency found!
ps7_afi_3.S_AXI_ACLK connected to ps7_axi_interconnect_0_M_AXI_ACLK:
    CLK_FREQ_HZ = WARNING: no frequency found!
IP connected to bus: ps7_axi_interconnect_0
-master M_AXI_DP ps7_axi_interconnect_0 ps7_cortexa9_0
-master M_AXI_DP ps7_axi_interconnect_0 ps7_cortexa9_1
-slave S_AXI ps7_axi_interconnect_0 ps7_uart_1
-slave S_AXI ps7_axi_interconnect_0 ps7_qspi_0
-slave S_AXI ps7_axi_interconnect_0 ps7_qspi_linear_0
-slave S_AXI ps7_axi_interconnect_0 ps7_ethernet_0
-slave S_AXI ps7_axi_interconnect_0 ps7_usb_0
-slave S_AXI ps7_axi_interconnect_0 ps7_sd_0
-slave S_AXI ps7_axi_interconnect_0 ps7_ttc_0
-slave S_AXI ps7_axi_interconnect_0 ps7_gpio_0
-slave S_AXI ps7_axi_interconnect_0 ps7_ddrc_0
-slave S_AXI ps7_axi_interconnect_0 ps7_dev_cfg_0
-slave S_AXI ps7_axi_interconnect_0 ps7_xadc_0
-slave S_AXI ps7_axi_interconnect_0 ps7_ocmc_0
-slave S_AXI ps7_axi_interconnect_0 ps7_coresight_comp_0
-slave S_AXI ps7_axi_interconnect_0 ps7_gpv_0
-slave S_AXI ps7_axi_interconnect_0 ps7_scuc_0
-slave S_AXI ps7_axi_interconnect_0 ps7_globaltimer_0
-slave S_AXI ps7_axi_interconnect_0 ps7_intc_dist_0
-slave S_AXI ps7_axi_interconnect_0 ps7_l2cachec_0
-slave S_AXI ps7_axi_interconnect_0 ps7_dma_s
-slave S_AXI ps7_axi_interconnect_0 ps7_iop_bus_config_0
-slave S_AXI ps7_axi_interconnect_0 ps7_ram_1
-slave S_AXI ps7_axi_interconnect_0 ps7_scugic_0
-slave S_AXI ps7_axi_interconnect_0 ps7_scutimer_0
-slave S_AXI ps7_axi_interconnect_0 ps7_scuwdt_0
-slave S_AXI ps7_axi_interconnect_0 ps7_slcr_0
-slave S_AXI ps7_axi_interconnect_0 ps7_dma_ns
-slave S_AXI ps7_axi_interconnect_0 ps7_afi_0
-slave S_AXI ps7_axi_interconnect_0 ps7_afi_1
-slave S_AXI ps7_axi_interconnect_0 ps7_afi_2
-slave S_AXI ps7_axi_interconnect_0 ps7_afi_3
-slave axi_bram_ctrl_0
-slave axi_cdma_0
-slave ps7_afi_0
IP 74465824 ps7_afi_0 is already appended - skip it
-slave ps7_afi_1
IP 74466224 ps7_afi_1 is already appended - skip it
-slave ps7_afi_2
IP 74466624 ps7_afi_2 is already appended - skip it
-slave ps7_afi_3
IP 74467024 ps7_afi_3 is already appended - skip it
-slave ps7_coresight_comp_0
IP 74459824 ps7_coresight_comp_0 is already appended - skip it
-slave ps7_ddr_0
-slave ps7_ddrc_0
IP 74458224 ps7_ddrc_0 is already appended - skip it
-slave ps7_dev_cfg_0
IP 74458624 ps7_dev_cfg_0 is already appended - skip it
-slave ps7_dma_ns
-slave ps7_dma_s
IP 74462224 ps7_dma_s is already appended - skip it
-slave ps7_ethernet_0
IP 74798896 ps7_ethernet_0 is already appended - skip it
-slave ps7_globaltimer_0
IP 74461024 ps7_globaltimer_0 is already appended - skip it
-slave ps7_gpio_0
IP 74457824 ps7_gpio_0 is already appended - skip it
-slave ps7_gpv_0
IP 74460224 ps7_gpv_0 is already appended - skip it
-slave ps7_intc_dist_0
IP 74461424 ps7_intc_dist_0 is already appended - skip it
-slave ps7_iop_bus_config_0
IP 74462624 ps7_iop_bus_config_0 is already appended - skip it
-slave ps7_l2cachec_0
IP 74461824 ps7_l2cachec_0 is already appended - skip it
-slave ps7_ocmc_0
IP 74459424 ps7_ocmc_0 is already appended - skip it
-slave ps7_qspi_0
IP 74796896 ps7_qspi_0 is already appended - skip it
-slave ps7_qspi_linear_0
IP 74797296 ps7_qspi_linear_0 is already appended - skip it
-slave ps7_ram_0
-slave ps7_ram_1
IP 74463424 ps7_ram_1 is already appended - skip it
-slave ps7_scuc_0
IP 74460624 ps7_scuc_0 is already appended - skip it
-slave ps7_scugic_0
IP 74463824 ps7_scugic_0 is already appended - skip it
-slave ps7_scutimer_0
IP 74464224 ps7_scutimer_0 is already appended - skip it
-slave ps7_scuwdt_0
IP 74464624 ps7_scuwdt_0 is already appended - skip it
-slave ps7_sd_0
IP 74455552 ps7_sd_0 is already appended - skip it
-slave ps7_slcr_0
IP 74465024 ps7_slcr_0 is already appended - skip it
-slave ps7_ttc_0
IP 74457424 ps7_ttc_0 is already appended - skip it
-slave ps7_uart_1
IP 74796496 ps7_uart_1 is already appended - skip it
-slave ps7_usb_0
IP 74799296 ps7_usb_0 is already appended - skip it
-slave ps7_xadc_0
IP 74459024 ps7_xadc_0 is already appended - skip it
-slave reg_status_0
ps7_ocmc_0
ps7_coresight_comp_0
ps7_gpv_0
ps7_scuc_0
ps7_globaltimer_0
ps7_intc_dist_0
ps7_l2cachec_0
ps7_afi_0
ps7_afi_1
ps7_afi_2
ps7_afi_3
reg_status_0
{serial0 aliasref ps7_uart_1 0} {spi0 aliasref ps7_qspi_0 0} {ethernet0 aliasref
ps7_ethernet_0 0}
Running post_generate.
Running execs_generate.
Finished building libraries
09:07:11 **** Auto Build of configuration Release for project fsbl ****
make all 
Building file: ../src/ps7_init.c
Invoking: ARM gcc compiler
arm-xilinx-eabi-gcc -Wall -O2 -c -fmessage-length=0 -I../../fsbl_bsp/ps7_cortexa9_0/include -MMD -MP -MF"src/ps7_init.d" -MT"src/ps7_init.d" -o "src/ps7_init.o" "../src/ps7_init.c"
Finished building: ../src/ps7_init.c
 
Building target: fsbl.elf
Invoking: ARM gcc linker
arm-xilinx-eabi-gcc -L"/root/260214/fsbl/src" -Wl,-T -Wl,../src/lscript.ld -L../../fsbl_bsp/ps7_cortexa9_0/lib -o "fsbl.elf"  ./src/ddr_init.o ./src/ff.o ./src/fsbl_handoff.o ./src/fsbl_hooks.o ./src/image_mover.o ./src/main.o ./src/md5.o ./src/mmc.o ./src/nand.o ./src/nor.o ./src/pcap.o ./src/ps7_init.o ./src/qspi.o ./src/rsa.o ./src/sd.o   -lrsa -Wl,--start-group,-lxil,-lgcc,-lc,--end-group
Finished building target: fsbl.elf
 
Invoking: ARM Print Size
arm-xilinx-eabi-size fsbl.elf  |tee "fsbl.elf.size"
   text	   data	    bss	    dec	    hex	filename
  57064	  11352	  72500	 140916	  22674	fsbl.elf
Finished building: fsbl.elf.size
 
13:32:47 **** Auto Build of project fsbl_bsp ****
make -k all 
libgen -hw ../hw_platform_0/system.xml\
	       -lp /root/PROJECT/XILINX/clock_test\
	       -pe ps7_cortexa9_0 \
	       -log libgen.log \
	       system.mss
libgen
Xilinx EDK 14.7 Build EDK_P.20131013
Copyright (c) 1995-2012 Xilinx, Inc.  All rights reserved.

Command Line: libgen -hw ../hw_platform_0/system.xml -lp
/root/PROJECT/XILINX/clock_test -pe ps7_cortexa9_0 -log libgen.log system.mss 


Staging source files.
Running DRCs.
Running generate.
Running post_generate.
Running include - 'gmake -s include "COMPILER=arm-xilinx-eabi-gcc"
"ARCHIVER=arm-xilinx-eabi-ar" "COMPILER_FLAGS= -O2 -c"
"EXTRA_COMPILER_FLAGS=-g"'.

Running libs - 'gmake -s libs "COMPILER=arm-xilinx-eabi-gcc"
"ARCHIVER=arm-xilinx-eabi-ar" "COMPILER_FLAGS= -O2 -c"
"EXTRA_COMPILER_FLAGS=-g"'.
Compiling common
arm-xilinx-eabi-ar: creating ../../../lib/libxil.a
Compiling standalone
Compiling bram
Compiling axicdma
Compiling devcfg
Compiling dmaps
Compiling emacps
Compiling gpiops
Compiling qspips
Compiling scugic
Compiling scutimer
Compiling scuwdt
Compiling ttcps
Compiling uartps
Compiling usbps
Compiling xadcps
Compiling cpu_cortexa9
Running execs_generate.
Finished building libraries
13:33:10 **** Auto Build of project fsbl_bsp ****
make -k all 
Finished building libraries
13:33:11 **** Auto Build of configuration Release for project fsbl ****
make all 
make: Nothing to be done for `all'.
13:33:11 **** Auto Build of project device-tree_bsp_0 ****
make -k all 
libgen -hw ../hw_platform_0/system.xml\
	       -lp /root/PROJECT/XILINX/clock_test\
	       -pe ps7_cortexa9_0 \
	       -log libgen.log \
	       system.mss
libgen
Xilinx EDK 14.7 Build EDK_P.20131013
Copyright (c) 1995-2012 Xilinx, Inc.  All rights reserved.

Command Line: libgen -hw ../hw_platform_0/system.xml -lp
/root/PROJECT/XILINX/clock_test -pe ps7_cortexa9_0 -log libgen.log system.mss 


Staging source files.
Running DRCs.
#--------------------------------------
# device-tree BSP DRC...
#--------------------------------------
Running generate.
#--------------------------------------
# device-tree BSP generate...
#--------------------------------------
--- device tree generator version: v1.1 ---
generating xilinx.dts
Clock Port Summary:
acp_0.m00_axi_aclk connected to processing_system7_0_FCLK_CLK0:
    CLK_FREQ_HZ = 100000000
axi_bram_ctrl_0.s_axi_aclk connected to processing_system7_0_FCLK_CLK0:
    CLK_FREQ_HZ = 100000000
axi_cdma_0.m_axi_aclk connected to processing_system7_0_FCLK_CLK0:
    CLK_FREQ_HZ = 100000000
axi_cdma_0.s_axi_lite_aclk connected to processing_system7_0_FCLK_CLK0:
    CLK_FREQ_HZ = 100000000
axi_crossbar_0.aclk connected to processing_system7_0_FCLK_CLK0:
    CLK_FREQ_HZ = 100000000
axi_mem_intercon_m00_couplers_auto_pc.aclk connected to
processing_system7_0_FCLK_CLK0:
    CLK_FREQ_HZ = 100000000
axi_mem_intercon_m01_couplers_auto_ds.s_axi_aclk connected to
processing_system7_0_FCLK_CLK0:
    CLK_FREQ_HZ = 100000000
axi_mem_intercon_m01_couplers_auto_pc.aclk connected to
processing_system7_0_FCLK_CLK0:
    CLK_FREQ_HZ = 100000000
axi_mem_intercon_s00_couplers_auto_us.s_axi_aclk connected to
processing_system7_0_FCLK_CLK0:
    CLK_FREQ_HZ = 100000000
axi_mem_intercon_s01_couplers_auto_pc.aclk connected to
processing_system7_0_FCLK_CLK0:
    CLK_FREQ_HZ = 100000000
axi_mem_intercon_s01_couplers_auto_us.s_axi_aclk connected to
processing_system7_0_FCLK_CLK0:
    CLK_FREQ_HZ = 100000000
axi_mem_intercon_xbar.aclk connected to processing_system7_0_FCLK_CLK0:
    CLK_FREQ_HZ = 100000000
init_cdma_0.m00_axi_aclk connected to processing_system7_0_FCLK_CLK0:
    CLK_FREQ_HZ = 100000000
proc_sys_reset.slowest_sync_clk connected to processing_system7_0_FCLK_CLK0:
    CLK_FREQ_HZ = 100000000
processing_system7_0_axi_periph_s00_couplers_auto_pc.aclk connected to
processing_system7_0_FCLK_CLK0:
    CLK_FREQ_HZ = 100000000
processing_system7_0_axi_periph_xbar.aclk connected to
processing_system7_0_FCLK_CLK0:
    CLK_FREQ_HZ = 100000000
reg_status_0.s00_axi_aclk connected to processing_system7_0_FCLK_CLK0:
    CLK_FREQ_HZ = 100000000
ps7_uart_1.S_AXI_ACLK connected to ps7_axi_interconnect_0_M_AXI_ACLK:
    CLK_FREQ_HZ = WARNING: no frequency found!
ps7_qspi_0.S_AXI_ACLK connected to ps7_axi_interconnect_0_M_AXI_ACLK:
    CLK_FREQ_HZ = WARNING: no frequency found!
ps7_qspi_linear_0.S_AXI_ACLK connected to ps7_axi_interconnect_0_M_AXI_ACLK:
    CLK_FREQ_HZ = WARNING: no frequency found!
ps7_axi_interconnect_0.M_AXI_ACLK connected to
ps7_axi_interconnect_0_M_AXI_ACLK:
    CLK_FREQ_HZ = WARNING: no frequency found!
ps7_cortexa9_0.M_AXI_DP_ACLK connected to
ps7_axi_interconnect_0_S_AXI_CTRL_ACLK:
    CLK_FREQ_HZ = WARNING: no frequency found!
ps7_cortexa9_1.M_AXI_DP_ACLK connected to
ps7_axi_interconnect_0_S_AXI_CTRL_ACLK:
    CLK_FREQ_HZ = WARNING: no frequency found!
ps7_ddr_0.S_AXI_ACLK connected to ps7_axi_interconnect_0_M_AXI_ACLK:
    CLK_FREQ_HZ = WARNING: no frequency found!
ps7_ethernet_0.S_AXI_ACLK connected to ps7_axi_interconnect_0_M_AXI_ACLK:
    CLK_FREQ_HZ = WARNING: no frequency found!
ps7_usb_0.S_AXI_ACLK connected to ps7_axi_interconnect_0_M_AXI_ACLK:
    CLK_FREQ_HZ = WARNING: no frequency found!
ps7_sd_0.S_AXI_ACLK connected to ps7_axi_interconnect_0_M_AXI_ACLK:
    CLK_FREQ_HZ = WARNING: no frequency found!
ps7_ttc_0.S_AXI_ACLK connected to ps7_axi_interconnect_0_M_AXI_ACLK:
    CLK_FREQ_HZ = WARNING: no frequency found!
ps7_gpio_0.S_AXI_ACLK connected to ps7_axi_interconnect_0_M_AXI_ACLK:
    CLK_FREQ_HZ = WARNING: no frequency found!
ps7_ddrc_0.S_AXI_ACLK connected to ps7_axi_interconnect_0_M_AXI_ACLK:
    CLK_FREQ_HZ = WARNING: no frequency found!
ps7_dev_cfg_0.S_AXI_ACLK connected to ps7_axi_interconnect_0_M_AXI_ACLK:
    CLK_FREQ_HZ = WARNING: no frequency found!
ps7_xadc_0.S_AXI_ACLK connected to ps7_axi_interconnect_0_M_AXI_ACLK:
    CLK_FREQ_HZ = WARNING: no frequency found!
ps7_ocmc_0.S_AXI_ACLK connected to ps7_axi_interconnect_0_M_AXI_ACLK:
    CLK_FREQ_HZ = WARNING: no frequency found!
ps7_coresight_comp_0.S_AXI_ACLK connected to ps7_axi_interconnect_0_M_AXI_ACLK:
    CLK_FREQ_HZ = WARNING: no frequency found!
ps7_gpv_0.S_AXI_ACLK connected to ps7_axi_interconnect_0_M_AXI_ACLK:
    CLK_FREQ_HZ = WARNING: no frequency found!
ps7_scuc_0.S_AXI_ACLK connected to ps7_axi_interconnect_0_M_AXI_ACLK:
    CLK_FREQ_HZ = WARNING: no frequency found!
ps7_globaltimer_0.S_AXI_ACLK connected to ps7_axi_interconnect_0_M_AXI_ACLK:
    CLK_FREQ_HZ = WARNING: no frequency found!
ps7_intc_dist_0.S_AXI_ACLK connected to ps7_axi_interconnect_0_M_AXI_ACLK:
    CLK_FREQ_HZ = WARNING: no frequency found!
ps7_l2cachec_0.S_AXI_ACLK connected to ps7_axi_interconnect_0_M_AXI_ACLK:
    CLK_FREQ_HZ = WARNING: no frequency found!
ps7_dma_s.S_AXI_ACLK connected to ps7_axi_interconnect_0_M_AXI_ACLK:
    CLK_FREQ_HZ = WARNING: no frequency found!
ps7_iop_bus_config_0.S_AXI_ACLK connected to ps7_axi_interconnect_0_M_AXI_ACLK:
    CLK_FREQ_HZ = WARNING: no frequency found!
ps7_ram_0.S_AXI_ACLK connected to ps7_axi_interconnect_0_M_AXI_ACLK:
    CLK_FREQ_HZ = WARNING: no frequency found!
ps7_ram_1.S_AXI_ACLK connected to ps7_axi_interconnect_0_M_AXI_ACLK:
    CLK_FREQ_HZ = WARNING: no frequency found!
ps7_scugic_0.S_AXI_ACLK connected to ps7_axi_interconnect_0_M_AXI_ACLK:
    CLK_FREQ_HZ = WARNING: no frequency found!
ps7_scutimer_0.S_AXI_ACLK connected to ps7_axi_interconnect_0_M_AXI_ACLK:
    CLK_FREQ_HZ = WARNING: no frequency found!
ps7_scuwdt_0.S_AXI_ACLK connected to ps7_axi_interconnect_0_M_AXI_ACLK:
    CLK_FREQ_HZ = WARNING: no frequency found!
ps7_slcr_0.S_AXI_ACLK connected to ps7_axi_interconnect_0_M_AXI_ACLK:
    CLK_FREQ_HZ = WARNING: no frequency found!
ps7_dma_ns.S_AXI_ACLK connected to ps7_axi_interconnect_0_M_AXI_ACLK:
    CLK_FREQ_HZ = WARNING: no frequency found!
ps7_afi_0.S_AXI_ACLK connected to ps7_axi_interconnect_0_M_AXI_ACLK:
    CLK_FREQ_HZ = WARNING: no frequency found!
ps7_afi_1.S_AXI_ACLK connected to ps7_axi_interconnect_0_M_AXI_ACLK:
    CLK_FREQ_HZ = WARNING: no frequency found!
ps7_afi_2.S_AXI_ACLK connected to ps7_axi_interconnect_0_M_AXI_ACLK:
    CLK_FREQ_HZ = WARNING: no frequency found!
ps7_afi_3.S_AXI_ACLK connected to ps7_axi_interconnect_0_M_AXI_ACLK:
    CLK_FREQ_HZ = WARNING: no frequency found!
IP connected to bus: ps7_axi_interconnect_0
-master M_AXI_DP ps7_axi_interconnect_0 ps7_cortexa9_0
-master M_AXI_DP ps7_axi_interconnect_0 ps7_cortexa9_1
-slave S_AXI ps7_axi_interconnect_0 ps7_uart_1
-slave S_AXI ps7_axi_interconnect_0 ps7_qspi_0
-slave S_AXI ps7_axi_interconnect_0 ps7_qspi_linear_0
-slave S_AXI ps7_axi_interconnect_0 ps7_ethernet_0
-slave S_AXI ps7_axi_interconnect_0 ps7_usb_0
-slave S_AXI ps7_axi_interconnect_0 ps7_sd_0
-slave S_AXI ps7_axi_interconnect_0 ps7_ttc_0
-slave S_AXI ps7_axi_interconnect_0 ps7_gpio_0
-slave S_AXI ps7_axi_interconnect_0 ps7_ddrc_0
-slave S_AXI ps7_axi_interconnect_0 ps7_dev_cfg_0
-slave S_AXI ps7_axi_interconnect_0 ps7_xadc_0
-slave S_AXI ps7_axi_interconnect_0 ps7_ocmc_0
-slave S_AXI ps7_axi_interconnect_0 ps7_coresight_comp_0
-slave S_AXI ps7_axi_interconnect_0 ps7_gpv_0
-slave S_AXI ps7_axi_interconnect_0 ps7_scuc_0
-slave S_AXI ps7_axi_interconnect_0 ps7_globaltimer_0
-slave S_AXI ps7_axi_interconnect_0 ps7_intc_dist_0
-slave S_AXI ps7_axi_interconnect_0 ps7_l2cachec_0
-slave S_AXI ps7_axi_interconnect_0 ps7_dma_s
-slave S_AXI ps7_axi_interconnect_0 ps7_iop_bus_config_0
-slave S_AXI ps7_axi_interconnect_0 ps7_ram_1
-slave S_AXI ps7_axi_interconnect_0 ps7_scugic_0
-slave S_AXI ps7_axi_interconnect_0 ps7_scutimer_0
-slave S_AXI ps7_axi_interconnect_0 ps7_scuwdt_0
-slave S_AXI ps7_axi_interconnect_0 ps7_slcr_0
-slave S_AXI ps7_axi_interconnect_0 ps7_dma_ns
-slave S_AXI ps7_axi_interconnect_0 ps7_afi_0
-slave S_AXI ps7_axi_interconnect_0 ps7_afi_1
-slave S_AXI ps7_axi_interconnect_0 ps7_afi_2
-slave S_AXI ps7_axi_interconnect_0 ps7_afi_3
-slave axi_bram_ctrl_0
-slave axi_cdma_0
-slave ps7_afi_0
IP 67315440 ps7_afi_0 is already appended - skip it
-slave ps7_afi_1
IP 67315840 ps7_afi_1 is already appended - skip it
-slave ps7_afi_2
IP 67316240 ps7_afi_2 is already appended - skip it
-slave ps7_afi_3
IP 67316640 ps7_afi_3 is already appended - skip it
-slave ps7_coresight_comp_0
IP 67114240 ps7_coresight_comp_0 is already appended - skip it
-slave ps7_ddr_0
-slave ps7_ddrc_0
IP 67112640 ps7_ddrc_0 is already appended - skip it
-slave ps7_dev_cfg_0
IP 67113040 ps7_dev_cfg_0 is already appended - skip it
-slave ps7_dma_ns
-slave ps7_dma_s
IP 67311840 ps7_dma_s is already appended - skip it
-slave ps7_ethernet_0
IP 67110640 ps7_ethernet_0 is already appended - skip it
-slave ps7_globaltimer_0
IP 67115440 ps7_globaltimer_0 is already appended - skip it
-slave ps7_gpio_0
IP 67112240 ps7_gpio_0 is already appended - skip it
-slave ps7_gpv_0
IP 67114640 ps7_gpv_0 is already appended - skip it
-slave ps7_intc_dist_0
IP 67101040 ps7_intc_dist_0 is already appended - skip it
-slave ps7_iop_bus_config_0
IP 67312240 ps7_iop_bus_config_0 is already appended - skip it
-slave ps7_l2cachec_0
IP 67311440 ps7_l2cachec_0 is already appended - skip it
-slave ps7_ocmc_0
IP 67113840 ps7_ocmc_0 is already appended - skip it
-slave ps7_qspi_0
IP 67108640 ps7_qspi_0 is already appended - skip it
-slave ps7_qspi_linear_0
IP 67109040 ps7_qspi_linear_0 is already appended - skip it
-slave ps7_ram_0
-slave ps7_ram_1
IP 67313040 ps7_ram_1 is already appended - skip it
-slave ps7_scuc_0
IP 67115040 ps7_scuc_0 is already appended - skip it
-slave ps7_scugic_0
IP 67313440 ps7_scugic_0 is already appended - skip it
-slave ps7_scutimer_0
IP 67313840 ps7_scutimer_0 is already appended - skip it
-slave ps7_scuwdt_0
IP 67314240 ps7_scuwdt_0 is already appended - skip it
-slave ps7_sd_0
IP 67111440 ps7_sd_0 is already appended - skip it
-slave ps7_slcr_0
IP 67314640 ps7_slcr_0 is already appended - skip it
-slave ps7_ttc_0
IP 67111840 ps7_ttc_0 is already appended - skip it
-slave ps7_uart_1
IP 67108240 ps7_uart_1 is already appended - skip it
-slave ps7_usb_0
IP 67111040 ps7_usb_0 is already appended - skip it
-slave ps7_xadc_0
IP 67113440 ps7_xadc_0 is already appended - skip it
-slave reg_status_0
ps7_ocmc_0
ps7_coresight_comp_0
ps7_gpv_0
ps7_scuc_0
ps7_globaltimer_0
ps7_intc_dist_0
ps7_l2cachec_0
ps7_afi_0
ps7_afi_1
ps7_afi_2
ps7_afi_3
reg_status_0
{serial0 aliasref ps7_uart_1 0} {spi0 aliasref ps7_qspi_0 0} {ethernet0 aliasref
ps7_ethernet_0 0}
Running post_generate.
Running execs_generate.
Finished building libraries
