Copyright 1986-1999, 2001-2013 Xilinx, Inc. All Rights Reserved.
-----------------------------------------------------------------------------------------
| Tool Version : Vivado v.2013.3 (lin64) Build 329390 Wed Oct 16 18:26:55 MDT 2013
| Date         : Wed Apr 16 09:37:40 2014
| Host         : ubuntu running 64-bit Ubuntu 12.04.4 LTS
| Command      : report_clock_utilization -file dma_wrapper_clock_utilization_placed.rpt
| Design       : dma_wrapper
| Device       : xc7z020
-----------------------------------------------------------------------------------------

Clock Utilization Report

Table of Contents
-----------------
1. Clock Primitive Utilization
2. Details of Global Clocks
3. Details of Regional Clocks
4. Details of Multi-Regional Clocks
5. Details of I/O Clocks
6. Details of Local Clocks
7. Clock Regions : Key Resource Utilization
8. Net wise resources used in clock region X0Y0
9. Net wise resources used in clock region X1Y0
10. Net wise resources used in clock region X0Y1
11. Net wise resources used in clock region X1Y1
12. Net wise resources used in clock region X0Y2
13. Net wise resources used in clock region X1Y2

1. Clock Primitive Utilization
------------------------------

+-------+------+-----------+------------+
| Type  | Used | Available | Num Locked |
+-------+------+-----------+------------+
| BUFG  |    2 |        32 |          0 |
| BUFH  |    0 |        72 |          0 |
| BUFIO |    0 |        16 |          0 |
| MMCM  |    0 |         4 |          0 |
| BUFR  |    0 |        16 |          0 |
| BUFMR |    0 |         8 |          0 |
+-------+------+-----------+------------+


2. Details of Global Clocks
---------------------------

+-------+-------------------------------------------------------------------+-------------------------------------------+--------------+--------+---------------+-----------+
|       |                                                                   |                                           |   Num Loads  |        |               |           |
+-------+-------------------------------------------------------------------+-------------------------------------------+------+-------+--------+---------------+-----------+
| Index | BUFG Cell                                                         | Net Name                                  | BELs | Sites | Locked | MaxDelay (ns) | Skew (ns) |
+-------+-------------------------------------------------------------------+-------------------------------------------+------+-------+--------+---------------+-----------+
|     1 | dma_i/processing_system7_0/inst/buffer_fclk_clk_0.FCLK_CLK_0_BUFG | dma_i/processing_system7_0/inst/FCLK_CLK0 |   33 |     9 |     no |         1.808 |     0.148 |
|     2 | dma_i/processing_system7_0/inst/buffer_fclk_clk_2.FCLK_CLK_2_BUFG | dma_i/processing_system7_0/inst/FCLK_CLK2 | 9043 |  3209 |     no |         2.063 |     0.471 |
+-------+-------------------------------------------------------------------+-------------------------------------------+------+-------+--------+---------------+-----------+


3. Details of Regional Clocks
-----------------------------

4. Details of Multi-Regional Clocks
-----------------------------------

5. Details of I/O Clocks
------------------------

6. Details of Local Clocks
--------------------------

7. Clock Regions : Key Resource Utilization
-------------------------------------------

+-------------------+--------------+--------------+--------------+--------------+--------------+--------------+--------------+--------------+--------------+--------------+--------------+--------------+--------------+--------------+--------------+
|                   | Global Clock |     BUFRs    |    BUFMRs    |    BUFIOs    |     MMCM     |      PLL     |      GT      |      PCI     |    ILOGIC    |    OLOGIC    |      FF      |     LUTM     |    RAMB18    |    RAMB36    |    DSP48E1   |
+-------------------+------+-------+------+-------+------+-------+------+-------+------+-------+------+-------+------+-------+------+-------+------+-------+------+-------+------+-------+------+-------+------+-------+------+-------+------+-------+
| Clock Region Name | Used | Avail | Used | Avail | Used | Avail | Used | Avail | Used | Avail | Used | Avail | Used | Avail | Used | Avail | Used | Avail | Used | Avail | Used | Avail | Used | Avail | Used | Avail | Used | Avail | Used | Avail |
+-------------------+------+-------+------+-------+------+-------+------+-------+------+-------+------+-------+------+-------+------+-------+------+-------+------+-------+------+-------+------+-------+------+-------+------+-------+------+-------+
| X0Y0              |    1 |    12 |    0 |     4 |    0 |     2 |    0 |     4 |    0 |     1 |    0 |     1 |    0 |     0 |    0 |     0 |    0 |    50 |    0 |    50 | 1358 | 20000 |   86 |  4000 |    0 |   120 |   22 |    30 |    0 |    60 |
| X1Y0              |    1 |    12 |    0 |     4 |    0 |     2 |    0 |     4 |    0 |     1 |    0 |     1 |    0 |     0 |    0 |     0 |    0 |    50 |    0 |    50 |  460 | 25600 |   39 |  3400 |    0 |   120 |   29 |    30 |    0 |    40 |
| X0Y1              |    2 |    12 |    0 |     0 |    0 |     0 |    0 |     0 |    0 |     0 |    0 |     0 |    0 |     0 |    0 |     0 |    0 |     0 |    0 |     0 | 2500 |  9600 |  152 |  1600 |    0 |    40 |   10 |    10 |    0 |    20 |
| X1Y1              |    1 |    12 |    0 |     4 |    0 |     2 |    0 |     4 |    0 |     1 |    0 |     1 |    0 |     0 |    0 |     0 |    0 |    50 |    0 |    50 | 1535 | 20800 |  177 |  3400 |    0 |   120 |   30 |    30 |    0 |    40 |
| X0Y2              |    1 |    12 |    0 |     0 |    0 |     0 |    0 |     0 |    0 |     0 |    0 |     0 |    0 |     0 |    0 |     0 |    0 |     0 |    0 |     0 | 1764 |  9600 |    0 |  1600 |    0 |    36 |    7 |     9 |    0 |    20 |
| X1Y2              |    1 |    12 |    0 |     4 |    0 |     2 |    0 |     4 |    0 |     1 |    0 |     1 |    0 |     0 |    0 |     0 |    0 |    50 |    0 |    50 |  876 | 20800 |    0 |  3400 |    0 |   108 |   30 |    27 |    0 |    40 |
+-------------------+------+-------+------+-------+------+-------+------+-------+------+-------+------+-------+------+-------+------+-------+------+-------+------+-------+------+-------+------+-------+------+-------+------+-------+------+-------+
* RAMB36 site can be used as two RAMB18/FIFO18 sites


8. Net wise resources used in clock region X0Y0
-----------------------------------------------

+-------------+--------+-----------+-----------+---------+---------+------+-------+----------+------+-------------------------------------------+
| Source Type | Locked | MMCM Pins | BRAM Pins | ILOGICs | OLOGICs |  FFs | LUTMs | DSP48E1s | PLLs |                            Clock Net Name |
+-------------+--------+-----------+-----------+---------+---------+------+-------+----------+------+-------------------------------------------+
| BUFG        |   no   |         0 |        44 |       0 |       0 | 1358 |    86 |        0 |    0 | dma_i/processing_system7_0/inst/FCLK_CLK2 |
+-------------+--------+-----------+-----------+---------+---------+------+-------+----------+------+-------------------------------------------+


9. Net wise resources used in clock region X1Y0
-----------------------------------------------

+-------------+--------+-----------+-----------+---------+---------+-----+-------+----------+------+-------------------------------------------+
| Source Type | Locked | MMCM Pins | BRAM Pins | ILOGICs | OLOGICs | FFs | LUTMs | DSP48E1s | PLLs |                            Clock Net Name |
+-------------+--------+-----------+-----------+---------+---------+-----+-------+----------+------+-------------------------------------------+
| BUFG        |   no   |         0 |        58 |       0 |       0 | 460 |    39 |        0 |    0 | dma_i/processing_system7_0/inst/FCLK_CLK2 |
+-------------+--------+-----------+-----------+---------+---------+-----+-------+----------+------+-------------------------------------------+


10. Net wise resources used in clock region X0Y1
------------------------------------------------

+-------------+--------+-----------+-----------+---------+---------+------+-------+----------+------+-------------------------------------------+
| Source Type | Locked | MMCM Pins | BRAM Pins | ILOGICs | OLOGICs |  FFs | LUTMs | DSP48E1s | PLLs |                            Clock Net Name |
+-------------+--------+-----------+-----------+---------+---------+------+-------+----------+------+-------------------------------------------+
| BUFG        |   no   |         0 |         0 |       0 |       0 |   33 |     0 |        0 |    0 | dma_i/processing_system7_0/inst/FCLK_CLK0 |
| BUFG        |   no   |         0 |        20 |       0 |       0 | 2467 |   152 |        0 |    0 | dma_i/processing_system7_0/inst/FCLK_CLK2 |
+-------------+--------+-----------+-----------+---------+---------+------+-------+----------+------+-------------------------------------------+


11. Net wise resources used in clock region X1Y1
------------------------------------------------

+-------------+--------+-----------+-----------+---------+---------+------+-------+----------+------+-------------------------------------------+
| Source Type | Locked | MMCM Pins | BRAM Pins | ILOGICs | OLOGICs |  FFs | LUTMs | DSP48E1s | PLLs |                            Clock Net Name |
+-------------+--------+-----------+-----------+---------+---------+------+-------+----------+------+-------------------------------------------+
| BUFG        |   no   |         0 |        60 |       0 |       0 | 1535 |   177 |        0 |    0 | dma_i/processing_system7_0/inst/FCLK_CLK2 |
+-------------+--------+-----------+-----------+---------+---------+------+-------+----------+------+-------------------------------------------+


12. Net wise resources used in clock region X0Y2
------------------------------------------------

+-------------+--------+-----------+-----------+---------+---------+------+-------+----------+------+-------------------------------------------+
| Source Type | Locked | MMCM Pins | BRAM Pins | ILOGICs | OLOGICs |  FFs | LUTMs | DSP48E1s | PLLs |                            Clock Net Name |
+-------------+--------+-----------+-----------+---------+---------+------+-------+----------+------+-------------------------------------------+
| BUFG        |   no   |         0 |        14 |       0 |       0 | 1764 |     0 |        0 |    0 | dma_i/processing_system7_0/inst/FCLK_CLK2 |
+-------------+--------+-----------+-----------+---------+---------+------+-------+----------+------+-------------------------------------------+


13. Net wise resources used in clock region X1Y2
------------------------------------------------

+-------------+--------+-----------+-----------+---------+---------+-----+-------+----------+------+-------------------------------------------+
| Source Type | Locked | MMCM Pins | BRAM Pins | ILOGICs | OLOGICs | FFs | LUTMs | DSP48E1s | PLLs |                            Clock Net Name |
+-------------+--------+-----------+-----------+---------+---------+-----+-------+----------+------+-------------------------------------------+
| BUFG        |   no   |         0 |        60 |       0 |       0 | 876 |     0 |        0 |    0 | dma_i/processing_system7_0/inst/FCLK_CLK2 |
+-------------+--------+-----------+-----------+---------+---------+-----+-------+----------+------+-------------------------------------------+



# Location of BUFG Primitives 
set_property LOC BUFGCTRL_X0Y17 [get_cells dma_i/processing_system7_0/inst/buffer_fclk_clk_0.FCLK_CLK_0_BUFG]
set_property LOC BUFGCTRL_X0Y16 [get_cells dma_i/processing_system7_0/inst/buffer_fclk_clk_2.FCLK_CLK_2_BUFG]

# Location of IO Clock Primitives

# Location of MMCM Clock Primitives

# Location of BUFH Clock Primitives

# Location of BUFR Clock Primitives

# Location of BUFMR Clock Primitives

# Location of PLL Clock Primitives

# Location of IO Primitives which is load of clock spine

# Location of clock ports

# Clock net "dma_i/processing_system7_0/inst/FCLK_CLK0" driven by instance "dma_i/processing_system7_0/inst/buffer_fclk_clk_0.FCLK_CLK_0_BUFG" located at site "BUFGCTRL_X0Y17"
#startgroup
create_pblock CLKAG_dma_i/processing_system7_0/inst/FCLK_CLK0
add_cells_to_pblock [get_pblocks  CLKAG_dma_i/processing_system7_0/inst/FCLK_CLK0] [get_cells  -filter { IS_PRIMITIVE==1 && PRIMITIVE_LEVEL !=INTERNAL } -of_object [get_pins -filter {DIRECTION==IN} -of_objects [get_nets -hierarchical -filter {PARENT=="dma_i/processing_system7_0/inst/FCLK_CLK0"}]]]
resize_pblock [get_pblocks CLKAG_dma_i/processing_system7_0/inst/FCLK_CLK0] -add {CLOCKREGION_X0Y1:CLOCKREGION_X0Y1}
#endgroup

# Clock net "dma_i/processing_system7_0/inst/FCLK_CLK2" driven by instance "dma_i/processing_system7_0/inst/buffer_fclk_clk_2.FCLK_CLK_2_BUFG" located at site "BUFGCTRL_X0Y16"
#startgroup
create_pblock CLKAG_dma_i/processing_system7_0/inst/FCLK_CLK2
add_cells_to_pblock [get_pblocks  CLKAG_dma_i/processing_system7_0/inst/FCLK_CLK2] [get_cells  -filter { IS_PRIMITIVE==1 && PRIMITIVE_LEVEL !=INTERNAL } -of_object [get_pins -filter {DIRECTION==IN} -of_objects [get_nets -hierarchical -filter {PARENT=="dma_i/processing_system7_0/inst/FCLK_CLK2"}]]]
resize_pblock [get_pblocks CLKAG_dma_i/processing_system7_0/inst/FCLK_CLK2] -add {CLOCKREGION_X0Y0:CLOCKREGION_X0Y0 CLOCKREGION_X0Y1:CLOCKREGION_X0Y1 CLOCKREGION_X0Y2:CLOCKREGION_X0Y2 CLOCKREGION_X1Y0:CLOCKREGION_X1Y0 CLOCKREGION_X1Y1:CLOCKREGION_X1Y1 CLOCKREGION_X1Y2:CLOCKREGION_X1Y2}
#endgroup
